ARM Linker, 5.03 [Build 76] [MDK-ARM Lite]

==============================================================================

Section Cross References

    startup.o(STACK) refers (Special) to heapauxi.o(.text) for __use_two_region_memory
    startup.o(HEAP) refers (Special) to heapauxi.o(.text) for __use_two_region_memory
    startup.o(RESET) refers (Special) to heapauxi.o(.text) for __use_two_region_memory
    startup.o(RESET) refers to startup.o(STACK) for StackMem
    startup.o(RESET) refers to spaceinvaders.o(i.SysTick_Handler) for SysTick_Handler
    startup.o(RESET) refers to spaceinvaders.o(i.Timer1A_Handler) for Timer1A_Handler
    startup.o(RESET) refers to sfxdriver.o(i.Timer2A_Handler) for Timer2A_Handler
    startup.o(RESET) refers to texas.o(i.Timer4A_Handler) for Timer4A_Handler
    startup.o(RESET) refers to texas.o(i.Timer5A_Handler) for Timer5A_Handler
    startup.o(RESET) refers to __main.o(!!!main) for __main
    startup.o(.text) refers (Special) to heapauxi.o(.text) for __use_two_region_memory
    startup.o(.text) refers to startup.o(HEAP) for HeapMem
    startup.o(.text) refers to startup.o(STACK) for StackMem
    nokia5110.o(i.Nokia5110_Clear) refers to nokia5110.o(i.lcdwrite) for lcdwrite
    nokia5110.o(i.Nokia5110_Clear) refers to nokia5110.o(i.Nokia5110_SetCursor) for Nokia5110_SetCursor
    nokia5110.o(i.Nokia5110_ClearBuffer) refers to nokia5110.o(.bss) for Screen
    nokia5110.o(i.Nokia5110_DisplayBuffer) refers to nokia5110.o(i.Nokia5110_DrawFullImage) for Nokia5110_DrawFullImage
    nokia5110.o(i.Nokia5110_DisplayBuffer) refers to nokia5110.o(.bss) for Screen
    nokia5110.o(i.Nokia5110_DrawFullImage) refers to nokia5110.o(i.Nokia5110_SetCursor) for Nokia5110_SetCursor
    nokia5110.o(i.Nokia5110_DrawFullImage) refers to nokia5110.o(i.lcdwrite) for lcdwrite
    nokia5110.o(i.Nokia5110_Init) refers to nokia5110.o(i.lcdwrite) for lcdwrite
    nokia5110.o(i.Nokia5110_OutChar) refers to nokia5110.o(i.lcdwrite) for lcdwrite
    nokia5110.o(i.Nokia5110_OutChar) refers to nokia5110.o(.constdata) for ASCII
    nokia5110.o(i.Nokia5110_OutString) refers to nokia5110.o(i.Nokia5110_OutChar) for Nokia5110_OutChar
    nokia5110.o(i.Nokia5110_OutUDec) refers to nokia5110.o(i.Nokia5110_OutString) for Nokia5110_OutString
    nokia5110.o(i.Nokia5110_OutUDec) refers to nokia5110.o(i.Nokia5110_OutChar) for Nokia5110_OutChar
    nokia5110.o(i.Nokia5110_PrintBMP) refers to nokia5110.o(.bss) for Screen
    nokia5110.o(i.Nokia5110_SetCursor) refers to nokia5110.o(i.lcdwrite) for lcdwrite
    random.o(.text) refers to random.o(DATA) for M
    spaceinvaders.o(i.EnemyHordeInit) refers to sprites.o(i.Enemy_Init) for Enemy_Init
    spaceinvaders.o(i.EnemyHordeInit) refers to rt_memcpy_w.o(.text) for __aeabi_memcpy4
    spaceinvaders.o(i.EnemyHordeInit) refers to rand.o(.emb_text) for rand
    spaceinvaders.o(i.EnemyHordeInit) refers to spaceinvaders.o(.data) for enemyMove
    spaceinvaders.o(i.EnemyHordeInit) refers to spaceinvaders.o(.bss) for enemySprs
    spaceinvaders.o(i.EnemyShootRatio) refers to spaceinvaders.o(.data) for level
    spaceinvaders.o(i.ExplodeSpr) refers to nokia5110.o(i.Nokia5110_PrintBMP) for Nokia5110_PrintBMP
    spaceinvaders.o(i.GameInit) refers to sprites.o(i.Player_Init) for Player_Init
    spaceinvaders.o(i.GameInit) refers to rt_memcpy_w.o(.text) for __aeabi_memcpy4
    spaceinvaders.o(i.GameInit) refers to sprites.o(i.Bunker_Init) for Bunker_Init
    spaceinvaders.o(i.GameInit) refers to sprites.o(i.Lives_Init) for Lives_Init
    spaceinvaders.o(i.GameInit) refers to fflt_clz.o(x$fpl$fflt) for __aeabi_i2f
    spaceinvaders.o(i.GameInit) refers to fdiv.o(x$fpl$fdiv) for __aeabi_fdiv
    spaceinvaders.o(i.GameInit) refers to dflt_clz.o(x$fpl$dfltu) for __aeabi_ui2d
    spaceinvaders.o(i.GameInit) refers to ddiv.o(x$fpl$ddiv) for __aeabi_ddiv
    spaceinvaders.o(i.GameInit) refers to fflt_clz.o(x$fpl$ffltu) for __aeabi_ui2f
    spaceinvaders.o(i.GameInit) refers to faddsub_clz.o(x$fpl$fadd) for __aeabi_fadd
    spaceinvaders.o(i.GameInit) refers to fmul.o(x$fpl$fmul) for __aeabi_fmul
    spaceinvaders.o(i.GameInit) refers to f2d.o(x$fpl$f2d) for __aeabi_f2d
    spaceinvaders.o(i.GameInit) refers to daddsub_clz.o(x$fpl$dadd) for __aeabi_dadd
    spaceinvaders.o(i.GameInit) refers to dfixu.o(x$fpl$dfixu) for __aeabi_d2uiz
    spaceinvaders.o(i.GameInit) refers to faddsub_clz.o(x$fpl$frsb) for __aeabi_frsub
    spaceinvaders.o(i.GameInit) refers to faddsub_clz.o(x$fpl$fsub) for __aeabi_fsub
    spaceinvaders.o(i.GameInit) refers to ffixu.o(x$fpl$ffixu) for __aeabi_f2uiz
    spaceinvaders.o(i.GameInit) refers to spaceinvaders.o(.data) for level
    spaceinvaders.o(i.GameInit) refers to spaceinvaders.o(.bss) for playerBullet
    spaceinvaders.o(i.GameOver) refers to sfxdriver.o(i.DAC_Out) for DAC_Out
    spaceinvaders.o(i.GameOver) refers to nokia5110.o(i.Nokia5110_Clear) for Nokia5110_Clear
[...]
    libinit2.o(.ARM.Collect$$libinit$$00000014) refers to libinit2.o(.ARM.Collect$$libinit$$0000000D) for .ARM.Collect$$libinit$$0000000D
    libinit2.o(.ARM.Collect$$libinit$$00000016) refers to libinit2.o(.ARM.Collect$$libinit$$0000000D) for .ARM.Collect$$libinit$$0000000D
    libinit2.o(.ARM.Collect$$libinit$$00000024) refers to argv_veneer.o(.emb_text) for __ARM_argv_veneer
    libinit2.o(.ARM.Collect$$libinit$$00000025) refers to argv_veneer.o(.emb_text) for __ARM_argv_veneer
    dnaninf.o(x$fpl$dnaninf) refers (Special) to usenofp.o(x$fpl$usenofp) for __I$use$fp
    dretinf.o(x$fpl$dretinf) refers (Special) to usenofp.o(x$fpl$usenofp) for __I$use$fp
    fnaninf.o(x$fpl$fnaninf) refers (Special) to usenofp.o(x$fpl$usenofp) for __I$use$fp
    fretinf.o(x$fpl$fretinf) refers (Special) to usenofp.o(x$fpl$usenofp) for __I$use$fp
    rtentry2.o(.ARM.Collect$$rtentry$$00000008) refers to boardinit2.o(.text) for _platform_post_stackheap_init
    rtentry2.o(.ARM.Collect$$rtentry$$0000000A) refers to libinit.o(.ARM.Collect$$libinit$$00000000) for __rt_lib_init
    rtentry2.o(.ARM.Collect$$rtentry$$0000000B) refers to boardinit3.o(.text) for _platform_post_lib_init
    rtentry2.o(.ARM.Collect$$rtentry$$0000000D) refers to spaceinvaders.o(i.main) for main
    rtentry2.o(.ARM.Collect$$rtentry$$0000000D) refers to exit.o(.text) for exit
    rtentry2.o(.ARM.exidx) refers to rtentry2.o(.ARM.Collect$$rtentry$$00000001) for .ARM.Collect$$rtentry$$00000001
    rtentry2.o(.ARM.exidx) refers to rtentry2.o(.ARM.Collect$$rtentry$$00000008) for .ARM.Collect$$rtentry$$00000008
    rtentry2.o(.ARM.exidx) refers to rtentry2.o(.ARM.Collect$$rtentry$$0000000A) for .ARM.Collect$$rtentry$$0000000A
    rtentry2.o(.ARM.exidx) refers to rtentry2.o(.ARM.Collect$$rtentry$$0000000B) for .ARM.Collect$$rtentry$$0000000B
    rtentry2.o(.ARM.exidx) refers to rtentry2.o(.ARM.Collect$$rtentry$$0000000D) for .ARM.Collect$$rtentry$$0000000D
    rtentry4.o(.ARM.Collect$$rtentry$$00000004) refers to sys_stackheap_outer.o(.text) for __user_setup_stackheap
    rtentry4.o(.ARM.exidx) refers to rtentry4.o(.ARM.Collect$$rtentry$$00000004) for .ARM.Collect$$rtentry$$00000004
    argv_veneer.o(.emb_text) refers to no_argv.o(.text) for __ARM_get_argv
    sys_stackheap_outer.o(.text) refers to libspace.o(.text) for __user_perproc_libspace
    sys_stackheap_outer.o(.text) refers to startup.o(.text) for __user_initial_stackheap
    exit.o(.text) refers to rtexit.o(.ARM.Collect$$rtexit$$00000000) for __rt_exit
    _get_argv_nomalloc.o(.text) refers (Special) to hrguard.o(.text) for __heap_region$guard
    _get_argv_nomalloc.o(.text) refers to defsig_rtmem_outer.o(.text) for __rt_SIGRTMEM
    _get_argv_nomalloc.o(.text) refers to sys_command.o(.text) for _sys_command_string
    libinit.o(.ARM.Collect$$libinit$$00000000) refers (Special) to libinit2.o(.ARM.Collect$$libinit$$0000002C) for __rt_lib_init_alloca_1
    libinit.o(.ARM.Collect$$libinit$$00000000) refers (Special) to libinit2.o(.ARM.Collect$$libinit$$0000002A) for __rt_lib_init_argv_1
    libinit.o(.ARM.Collect$$libinit$$00000000) refers (Special) to libinit2.o(.ARM.Collect$$libinit$$00000019) for __rt_lib_init_atexit_1
    libinit.o(.ARM.Collect$$libinit$$00000000) refers (Special) to libinit2.o(.ARM.Collect$$libinit$$0000001F) for __rt_lib_init_clock_1
    libinit.o(.ARM.Collect$$libinit$$00000000) refers (Special) to libinit2.o(.ARM.Collect$$libinit$$00000030) for __rt_lib_init_cpp_1
    libinit.o(.ARM.Collect$$libinit$$00000000) refers (Special) to libinit2.o(.ARM.Collect$$libinit$$0000002E) for __rt_lib_init_exceptions_1
    libinit.o(.ARM.Collect$$libinit$$00000000) refers (Special) to libinit2.o(.ARM.Collect$$libinit$$00000002) for __rt_lib_init_fp_1
    libinit.o(.ARM.Collect$$libinit$$00000000) refers (Special) to libinit2.o(.ARM.Collect$$libinit$$0000001D) for __rt_lib_init_fp_trap_1
    libinit.o(.ARM.Collect$$libinit$$00000000) refers (Special) to libinit2.o(.ARM.Collect$$libinit$$00000021) for __rt_lib_init_getenv_1
    libinit.o(.ARM.Collect$$libinit$$00000000) refers (Special) to libinit2.o(.ARM.Collect$$libinit$$00000008) for __rt_lib_init_heap_1
    libinit.o(.ARM.Collect$$libinit$$00000000) refers (Special) to libinit2.o(.ARM.Collect$$libinit$$0000000F) for __rt_lib_init_lc_collate_1
    libinit.o(.ARM.Collect$$libinit$$00000000) refers (Special) to libinit2.o(.ARM.Collect$$libinit$$00000011) for __rt_lib_init_lc_ctype_1
    libinit.o(.ARM.Collect$$libinit$$00000000) refers (Special) to libinit2.o(.ARM.Collect$$libinit$$00000013) for __rt_lib_init_lc_monetary_1
    libinit.o(.ARM.Collect$$libinit$$00000000) refers (Special) to libinit2.o(.ARM.Collect$$libinit$$00000015) for __rt_lib_init_lc_numeric_1
    libinit.o(.ARM.Collect$$libinit$$00000000) refers (Special) to libinit2.o(.ARM.Collect$$libinit$$00000017) for __rt_lib_init_lc_time_1
    libinit.o(.ARM.Collect$$libinit$$00000000) refers (Special) to libinit2.o(.ARM.Collect$$libinit$$0000000C) for __rt_lib_init_rand_1
    libinit.o(.ARM.Collect$$libinit$$00000000) refers (Special) to libinit2.o(.ARM.Collect$$libinit$$00000031) for __rt_lib_init_return
    libinit.o(.ARM.Collect$$libinit$$00000000) refers (Special) to libinit2.o(.ARM.Collect$$libinit$$0000001B) for __rt_lib_init_signal_1
    libinit.o(.ARM.Collect$$libinit$$00000000) refers (Special) to libinit2.o(.ARM.Collect$$libinit$$00000023) for __rt_lib_init_stdio_1
    libinit.o(.ARM.Collect$$libinit$$00000000) refers (Special) to libinit2.o(.ARM.Collect$$libinit$$0000000A) for __rt_lib_init_user_alloc_1
    sys_command.o(.text) refers (Special) to use_no_semi.o(.text) for __I$use$semihosting
    sys_command.o(.text) refers (Special) to indicate_semi.o(.text) for __semihosting_library_function
    libspace.o(.text) refers to libspace.o(.bss) for __libspace_start
    rtexit.o(.ARM.Collect$$rtexit$$00000000) refers (Special) to rtexit2.o(.ARM.Collect$$rtexit$$00000004) for __rt_exit_exit
    rtexit.o(.ARM.Collect$$rtexit$$00000000) refers (Special) to rtexit2.o(.ARM.Collect$$rtexit$$00000003) for __rt_exit_ls
    rtexit.o(.ARM.Collect$$rtexit$$00000000) refers (Special) to rtexit2.o(.ARM.Collect$$rtexit$$00000002) for __rt_exit_prels_1
    rtexit.o(.ARM.exidx) refers (Special) to rtexit2.o(.ARM.Collect$$rtexit$$00000004) for __rt_exit_exit
    rtexit.o(.ARM.exidx) refers (Special) to rtexit2.o(.ARM.Collect$$rtexit$$00000003) for __rt_exit_ls
    rtexit.o(.ARM.exidx) refers (Special) to rtexit2.o(.ARM.Collect$$rtexit$$00000002) for __rt_exit_prels_1
    rtexit.o(.ARM.exidx) refers to rtexit.o(.ARM.Collect$$rtexit$$00000000) for .ARM.Collect$$rtexit$$00000000
    defsig_rtmem_outer.o(.text) refers to defsig_rtmem_inner.o(.text) for __rt_SIGRTMEM_inner
    defsig_rtmem_outer.o(.text) refers to defsig_exit.o(.text) for __sig_exit
    defsig_rtmem_formal.o(.text) refers to rt_raise.o(.text) for __rt_raise
    rtexit2.o(.ARM.Collect$$rtexit$$00000003) refers to libshutdown.o(.ARM.Collect$$libshutdown$$00000000) for __rt_lib_shutdown
    rtexit2.o(.ARM.Collect$$rtexit$$00000004) refers to sys_exit.o(.text) for _sys_exit
    rtexit2.o(.ARM.exidx) refers to rtexit2.o(.ARM.Collect$$rtexit$$00000001) for .ARM.Collect$$rtexit$$00000001
    rtexit2.o(.ARM.exidx) refers to rtexit2.o(.ARM.Collect$$rtexit$$00000003) for .ARM.Collect$$rtexit$$00000003
    rtexit2.o(.ARM.exidx) refers to rtexit2.o(.ARM.Collect$$rtexit$$00000004) for .ARM.Collect$$rtexit$$00000004
    rt_raise.o(.text) refers to __raise.o(.text) for __raise
    rt_raise.o(.text) refers to sys_exit.o(.text) for _sys_exit
    defsig_exit.o(.text) refers to sys_exit.o(.text) for _sys_exit
    defsig_rtmem_inner.o(.text) refers to defsig_general.o(.text) for __default_signal_display
    sys_exit.o(.text) refers (Special) to use_no_semi.o(.text) for __I$use$semihosting
    sys_exit.o(.text) refers (Special) to indicate_semi.o(.text) for __semihosting_library_function
    __raise.o(.text) refers to defsig.o(CL$$defsig) for __default_signal_handler
    defsig_general.o(.text) refers to sys_wrch.o(.text) for _ttywrch
    libshutdown.o(.ARM.Collect$$libshutdown$$00000000) refers (Special) to libshutdown2.o(.ARM.Collect$$libshutdown$$00000006) for __rt_lib_shutdown_fp_trap_1
    libshutdown.o(.ARM.Collect$$libshutdown$$00000000) refers (Special) to libshutdown2.o(.ARM.Collect$$libshutdown$$0000000E) for __rt_lib_shutdown_heap_1
    libshutdown.o(.ARM.Collect$$libshutdown$$00000000) refers (Special) to libshutdown2.o(.ARM.Collect$$libshutdown$$0000000F) for __rt_lib_shutdown_return
    libshutdown.o(.ARM.Collect$$libshutdown$$00000000) refers (Special) to libshutdown2.o(.ARM.Collect$$libshutdown$$00000009) for __rt_lib_shutdown_signal_1
    libshutdown.o(.ARM.Collect$$libshutdown$$00000000) refers (Special) to libshutdown2.o(.ARM.Collect$$libshutdown$$00000003) for __rt_lib_shutdown_stdio_1
    libshutdown.o(.ARM.Collect$$libshutdown$$00000000) refers (Special) to libshutdown2.o(.ARM.Collect$$libshutdown$$0000000B) for __rt_lib_shutdown_user_alloc_1
    sys_wrch.o(.text) refers (Special) to use_no_semi.o(.text) for __I$use$semihosting
    sys_wrch.o(.text) refers (Special) to indicate_semi.o(.text) for __semihosting_library_function
    defsig.o(CL$$defsig) refers to defsig_rtmem_inner.o(.text) for __rt_SIGRTMEM_inner
    defsig_abrt_inner.o(.text) refers to defsig_general.o(.text) for __default_signal_display
    defsig_fpe_inner.o(.text) refers to defsig_general.o(.text) for __default_signal_display
    defsig_rtred_inner.o(.text) refers to defsig_general.o(.text) for __default_signal_display
    defsig_stak_inner.o(.text) refers to defsig_general.o(.text) for __default_signal_display
    defsig_pvfn_inner.o(.text) refers to defsig_general.o(.text) for __default_signal_display
    defsig_cppl_inner.o(.text) refers to defsig_general.o(.text) for __default_signal_display
    defsig_segv_inner.o(.text) refers to defsig_general.o(.text) for __default_signal_display
    defsig_other.o(.text) refers to defsig_general.o(.text) for __default_signal_display


==============================================================================

Removing Unused input sections from the image.

    Removing random.o(DATA), (4 bytes).
    Removing random.o(.text), (64 bytes).
    Removing spaceinvaders.o(.constdata), (1488 bytes).
    Removing texas.o(i.SetMode), (24 bytes).
    Removing texas.o(i.StartTimer4), (36 bytes).
    Removing texas.o(i.StopTimer4), (24 bytes).
    Removing texas.o(i.TExaS_Stop), (28 bytes).
    Removing texas.o(i.UART0_InChar), (24 bytes).
    Removing texas.o(i.UART0_InCharNonBlocking), (28 bytes).
    Removing texas.o(i.UART0_OutChar), (24 bytes).
    Removing texas.o(i.UART0_OutCharNonBlock), (12 bytes).
    Removing texas.o(i.copy), (18 bytes).

12 unused section(s) (total 1774 bytes) removed from the image.

==============================================================================

Image Symbol Table

    Local Symbols

    Symbol Name                              Value     Ov Type        Size  Object(Section)

    RESET                                    0x00000000   Section      644  startup.o(RESET)
    ../clib/angel/boardlib.s                 0x00000000   Number         0  boardshut.o ABSOLUTE
    ../clib/angel/boardlib.s                 0x00000000   Number         0  boardinit1.o ABSOLUTE
    ../clib/angel/boardlib.s                 0x00000000   Number         0  boardinit2.o ABSOLUTE
    ../clib/angel/boardlib.s                 0x00000000   Number         0  boardinit3.o ABSOLUTE
    ../clib/angel/handlers.s                 0x00000000   Number         0  __scatter_copy.o ABSOLUTE
    ../clib/angel/handlers.s                 0x00000000   Number         0  __scatter_zi.o ABSOLUTE
    ../clib/angel/kernel.s                   0x00000000   Number         0  rtentry.o ABSOLUTE
    ../clib/angel/kernel.s                   0x00000000   Number         0  rtentry2.o ABSOLUTE
    ../clib/angel/kernel.s                   0x00000000   Number         0  rtentry4.o ABSOLUTE
    ../clib/angel/kernel.s                   0x00000000   Number         0  rtexit.o ABSOLUTE
    ../clib/angel/kernel.s                   0x00000000   Number         0  rtexit2.o ABSOLUTE
    ../clib/angel/rt.s                       0x00000000   Number         0  rt_raise.o ABSOLUTE
    ../clib/angel/scatter.s                  0x00000000   Number         0  __scatter.o ABSOLUTE
    ../clib/angel/startup.s                  0x00000000   Number         0  __main.o ABSOLUTE
    ../clib/angel/sys.s                      0x00000000   Number         0  indicate_semi.o ABSOLUTE
    ../clib/angel/sys.s                      0x00000000   Number         0  sys_stackheap_outer.o ABSOLUTE
    ../clib/angel/sys.s                      0x00000000   Number         0  libspace.o ABSOLUTE
    ../clib/angel/sys.s                      0x00000000   Number         0  use_no_semi.o ABSOLUTE
    ../clib/angel/sysapp.c                   0x00000000   Number         0  sys_command.o ABSOLUTE
    ../clib/angel/sysapp.c                   0x00000000   Number         0  sys_exit.o ABSOLUTE
    ../clib/angel/sysapp.c                   0x00000000   Number         0  sys_wrch.o ABSOLUTE
    ../clib/armsys.c                         0x00000000   Number         0  no_argv.o ABSOLUTE
    ../clib/armsys.c                         0x00000000   Number         0  argv_veneer.o ABSOLUTE
    ../clib/armsys.c                         0x00000000   Number         0  _get_argv_nomalloc.o ABSOLUTE
    ../clib/armsys.c                         0x00000000   Number         0  argv_veneer.o ABSOLUTE
    ../clib/heapalloc.c                      0x00000000   Number         0  hrguard.o ABSOLUTE
    ../clib/heapaux.c                        0x00000000   Number         0  heapauxi.o ABSOLUTE
    ../clib/libinit.s                        0x00000000   Number         0  libinit.o ABSOLUTE
    ../clib/libinit.s                        0x00000000   Number         0  libinit2.o ABSOLUTE
    ../clib/libinit.s                        0x00000000   Number         0  libshutdown2.o ABSOLUTE
    ../clib/libinit.s                        0x00000000   Number         0  libshutdown.o ABSOLUTE
    ../clib/memcpset.s                       0x00000000   Number         0  rt_memcpy_w.o ABSOLUTE
    ../clib/signal.c                         0x00000000   Number         0  defsig_rtred_inner.o ABSOLUTE
    ../clib/signal.c                         0x00000000   Number         0  defsig_rtmem_outer.o ABSOLUTE
    ../clib/signal.c                         0x00000000   Number         0  defsig_fpe_inner.o ABSOLUTE
    ../clib/signal.c                         0x00000000   Number         0  defsig_pvfn_inner.o ABSOLUTE
    ../clib/signal.c                         0x00000000   Number         0  defsig_rtmem_formal.o ABSOLUTE
    ../clib/signal.c                         0x00000000   Number         0  defsig_other.o ABSOLUTE
    ../clib/signal.c                         0x00000000   Number         0  defsig_abrt_inner.o ABSOLUTE
    ../clib/signal.c                         0x00000000   Number         0  defsig_segv_inner.o ABSOLUTE
    ../clib/signal.c                         0x00000000   Number         0  defsig_cppl_inner.o ABSOLUTE
    ../clib/signal.c                         0x00000000   Number         0  defsig_exit.o ABSOLUTE
    ../clib/signal.c                         0x00000000   Number         0  defsig_stak_inner.o ABSOLUTE
    ../clib/signal.c                         0x00000000   Number         0  defsig_rtmem_inner.o ABSOLUTE
    ../clib/signal.c                         0x00000000   Number         0  __raise.o ABSOLUTE
    ../clib/signal.c                         0x00000000   Number         0  defsig_general.o ABSOLUTE
    ../clib/signal.s                         0x00000000   Number         0  defsig.o ABSOLUTE
    ../clib/stdlib.c                         0x00000000   Number         0  exit.o ABSOLUTE
    ../clib/stdlib.c                         0x00000000   Number         0  rand.o ABSOLUTE
    ../clib/stdlib.c                         0x00000000   Number         0  rand.o ABSOLUTE
    ../fplib/d2f.s                           0x00000000   Number         0  d2f.o ABSOLUTE
    ../fplib/daddsub.s                       0x00000000   Number         0  daddsub_clz.o ABSOLUTE
    ../fplib/ddiv.s                          0x00000000   Number         0  ddiv.o ABSOLUTE
    ../fplib/dfixu.s                         0x00000000   Number         0  dfixu.o ABSOLUTE
    ../fplib/dflt.s                          0x00000000   Number         0  dflt_clz.o ABSOLUTE
    ../fplib/dnaninf.s                       0x00000000   Number         0  dnaninf.o ABSOLUTE
    ../fplib/dretinf.s                       0x00000000   Number         0  dretinf.o ABSOLUTE
    ../fplib/f2d.s                           0x00000000   Number         0  f2d.o ABSOLUTE
    ../fplib/faddsub.s                       0x00000000   Number         0  faddsub_clz.o ABSOLUTE
    ../fplib/fdiv.s                          0x00000000   Number         0  fdiv.o ABSOLUTE
    ../fplib/ffixu.s                         0x00000000   Number         0  ffixu.o ABSOLUTE
    ../fplib/fflt.s                          0x00000000   Number         0  fflt_clz.o ABSOLUTE
    ../fplib/fmul.s                          0x00000000   Number         0  fmul.o ABSOLUTE
    ../fplib/fnaninf.s                       0x00000000   Number         0  fnaninf.o ABSOLUTE
    ../fplib/fpinit.s                        0x00000000   Number         0  fpinit.o ABSOLUTE
    ../fplib/fretinf.s                       0x00000000   Number         0  fretinf.o ABSOLUTE
    ../fplib/usenofp.s                       0x00000000   Number         0  usenofp.o ABSOLUTE
    Nokia5110.c                              0x00000000   Number         0  nokia5110.o ABSOLUTE
    SpaceInvaders.c                          0x00000000   Number         0  spaceinvaders.o ABSOLUTE
    TExaS.c                                  0x00000000   Number         0  texas.o ABSOLUTE
    controls.c                               0x00000000   Number         0  controls.o ABSOLUTE
    dc.s                                     0x00000000   Number         0  dc.o ABSOLUTE
    leds.c                                   0x00000000   Number         0  leds.o ABSOLUTE
    random.s                                 0x00000000   Number         0  random.o ABSOLUTE
    sfxDriver.c                              0x00000000   Number         0  sfxdriver.o ABSOLUTE
    sprites.c                                0x00000000   Number         0  sprites.o ABSOLUTE
    startup.s                                0x00000000   Number         0  startup.o ABSOLUTE
    !!!main                                  0x00000284   Section        8  __main.o(!!!main)
    !!!scatter                               0x0000028c   Section       52  __scatter.o(!!!scatter)
    !!handler_copy                           0x000002c0   Section       26  __scatter_copy.o(!!handler_copy)
    !!handler_zi                             0x000002dc   Section       28  __scatter_zi.o(!!handler_zi)
    .ARM.Collect$$libinit$$00000000          0x000002f8   Section        2  libinit.o(.ARM.Collect$$libinit$$00000000)
    .ARM.Collect$$libinit$$00000002          0x000002fa   Section        0  libinit2.o(.ARM.Collect$$libinit$$00000002)
    .ARM.Collect$$libinit$$00000008          0x000002fa   Section        0  libinit2.o(.ARM.Collect$$libinit$$00000008)
    .ARM.Collect$$libinit$$0000000A          0x000002fa   Section        0  libinit2.o(.ARM.Collect$$libinit$$0000000A)
    .ARM.Collect$$libinit$$0000000B          0x000002fa   Section        4  libinit2.o(.ARM.Collect$$libinit$$0000000B)
    .ARM.Collect$$libinit$$0000000C          0x000002fe   Section        0  libinit2.o(.ARM.Collect$$libinit$$0000000C)
    .ARM.Collect$$libinit$$0000000F          0x000002fe   Section        0  libinit2.o(.ARM.Collect$$libinit$$0000000F)
    .ARM.Collect$$libinit$$00000011          0x000002fe   Section        0  libinit2.o(.ARM.Collect$$libinit$$00000011)
    .ARM.Collect$$libinit$$00000013          0x000002fe   Section        0  libinit2.o(.ARM.Collect$$libinit$$00000013)
    .ARM.Collect$$libinit$$00000015          0x000002fe   Section        0  libinit2.o(.ARM.Collect$$libinit$$00000015)
    .ARM.Collect$$libinit$$00000017          0x000002fe   Section        0  libinit2.o(.ARM.Collect$$libinit$$00000017)
    .ARM.Collect$$libinit$$00000019          0x000002fe   Section        0  libinit2.o(.ARM.Collect$$libinit$$00000019)
    .ARM.Collect$$libinit$$0000001B          0x000002fe   Section        0  libinit2.o(.ARM.Collect$$libinit$$0000001B)
    .ARM.Collect$$libinit$$0000001D          0x000002fe   Section        0  libinit2.o(.ARM.Collect$$libinit$$0000001D)
    .ARM.Collect$$libinit$$0000001F          0x000002fe   Section        0  libinit2.o(.ARM.Collect$$libinit$$0000001F)
    .ARM.Collect$$libinit$$00000021          0x000002fe   Section        0  libinit2.o(.ARM.Collect$$libinit$$00000021)
    .ARM.Collect$$libinit$$00000023          0x000002fe   Section        0  libinit2.o(.ARM.Collect$$libinit$$00000023)
    .ARM.Collect$$libinit$$0000002A          0x000002fe   Section        0  libinit2.o(.ARM.Collect$$libinit$$0000002A)
    .ARM.Collect$$libinit$$0000002C          0x000002fe   Section        0  libinit2.o(.ARM.Collect$$libinit$$0000002C)
    .ARM.Collect$$libinit$$0000002E          0x000002fe   Section        0  libinit2.o(.ARM.Collect$$libinit$$0000002E)
    .ARM.Collect$$libinit$$00000030          0x000002fe   Section        0  libinit2.o(.ARM.Collect$$libinit$$00000030)
    .ARM.Collect$$libinit$$00000031          0x000002fe   Section        2  libinit2.o(.ARM.Collect$$libinit$$00000031)
    .ARM.Collect$$libshutdown$$00000000      0x00000300   Section        2  libshutdown.o(.ARM.Collect$$libshutdown$$00000000)
    .ARM.Collect$$libshutdown$$00000003      0x00000302   Section        0  libshutdown2.o(.ARM.Collect$$libshutdown$$00000003)
    .ARM.Collect$$libshutdown$$00000006      0x00000302   Section        0  libshutdown2.o(.ARM.Collect$$libshutdown$$00000006)
    .ARM.Collect$$libshutdown$$00000009      0x00000302   Section        0  libshutdown2.o(.ARM.Collect$$libshutdown$$00000009)
    .ARM.Collect$$libshutdown$$0000000B      0x00000302   Section        0  libshutdown2.o(.ARM.Collect$$libshutdown$$0000000B)
    .ARM.Collect$$libshutdown$$0000000E      0x00000302   Section        0  libshutdown2.o(.ARM.Collect$$libshutdown$$0000000E)
    .ARM.Collect$$libshutdown$$0000000F      0x00000302   Section        2  libshutdown2.o(.ARM.Collect$$libshutdown$$0000000F)
    .ARM.Collect$$rtentry$$00000000          0x00000304   Section        0  rtentry.o(.ARM.Collect$$rtentry$$00000000)
    .ARM.Collect$$rtentry$$00000002          0x00000304   Section        0  rtentry2.o(.ARM.Collect$$rtentry$$00000002)
    .ARM.Collect$$rtentry$$00000004          0x00000304   Section        6  rtentry4.o(.ARM.Collect$$rtentry$$00000004)
    .ARM.Collect$$rtentry$$00000009          0x0000030a   Section        0  rtentry2.o(.ARM.Collect$$rtentry$$00000009)
    .ARM.Collect$$rtentry$$0000000A          0x0000030a   Section        4  rtentry2.o(.ARM.Collect$$rtentry$$0000000A)
    .ARM.Collect$$rtentry$$0000000C          0x0000030e   Section        0  rtentry2.o(.ARM.Collect$$rtentry$$0000000C)
    .ARM.Collect$$rtentry$$0000000D          0x0000030e   Section        8  rtentry2.o(.ARM.Collect$$rtentry$$0000000D)
    .ARM.Collect$$rtexit$$00000000           0x00000316   Section        2  rtexit.o(.ARM.Collect$$rtexit$$00000000)
    .ARM.Collect$$rtexit$$00000002           0x00000318   Section        0  rtexit2.o(.ARM.Collect$$rtexit$$00000002)
    .ARM.Collect$$rtexit$$00000003           0x00000318   Section        4  rtexit2.o(.ARM.Collect$$rtexit$$00000003)
    .ARM.Collect$$rtexit$$00000004           0x0000031c   Section        6  rtexit2.o(.ARM.Collect$$rtexit$$00000004)
    .emb_text                                0x00000324   Section       52  rand.o(.emb_text)
    .text                                    0x00000358   Section       48  startup.o(.text)
    .text                                    0x00000388   Section        0  rand.o(.text)
    .text                                    0x000003c4   Section      100  rt_memcpy_w.o(.text)
    .text                                    0x00000428   Section        0  heapauxi.o(.text)
    .text                                    0x0000042e   Section       74  sys_stackheap_outer.o(.text)
    .text                                    0x00000478   Section        0  exit.o(.text)
    .text                                    0x00000484   Section        8  libspace.o(.text)
    .text                                    0x0000048c   Section        2  use_no_semi.o(.text)
    .text                                    0x0000048e   Section        0  indicate_semi.o(.text)
    .text                                    0x00000490   Section        0  sys_exit.o(.text)
    i.ADC1_In                                0x0000049c   Section        0  texas.o(i.ADC1_In)
    i.ADC1_Init                              0x000004a8   Section        0  texas.o(i.ADC1_Init)
    i.Bunker_Init                            0x0000057c   Section        0  sprites.o(i.Bunker_Init)
    i.CrashCheck                             0x000005d0   Section        0  sprites.o(i.CrashCheck)
    i.DAC_Init                               0x00000654   Section        0  sfxdriver.o(i.DAC_Init)
    i.DAC_Out                                0x000006d0   Section        0  sfxdriver.o(i.DAC_Out)
    i.Delay100ms                             0x000006f0   Section        0  spaceinvaders.o(i.Delay100ms)
    i.EnemyHordeInit                         0x00000714   Section        0  spaceinvaders.o(i.EnemyHordeInit)
    i.EnemyShootRatio                        0x000007e0   Section        0  spaceinvaders.o(i.EnemyShootRatio)
    i.Enemy_Init                             0x00000814   Section        0  sprites.o(i.Enemy_Init)
    i.ExplodeSpr                             0x000008cc   Section        0  spaceinvaders.o(i.ExplodeSpr)
    i.GameInit                               0x000008e8   Section        0  spaceinvaders.o(i.GameInit)
    i.GameOver                               0x00000b2c   Section        0  spaceinvaders.o(i.GameOver)
    i.Joystick                               0x00000c34   Section        0  controls.o(i.Joystick)
    i.Led_1                                  0x00000c60   Section        0  leds.o(i.Led_1)
    i.Led_2                                  0x00000c78   Section        0  leds.o(i.Led_2)
    i.Lives_Init                             0x00000c90   Section        0  sprites.o(i.Lives_Init)
    i.Nokia5110_Clear                        0x00000cd4   Section        0  nokia5110.o(i.Nokia5110_Clear)
    i.Nokia5110_ClearBuffer                  0x00000cf4   Section        0  nokia5110.o(i.Nokia5110_ClearBuffer)
    i.Nokia5110_DisplayBuffer                0x00000d0c   Section        0  nokia5110.o(i.Nokia5110_DisplayBuffer)
    i.Nokia5110_DrawFullImage                0x00000d1c   Section        0  nokia5110.o(i.Nokia5110_DrawFullImage)
    i.Nokia5110_Init                         0x00000d40   Section        0  nokia5110.o(i.Nokia5110_Init)
    i.Nokia5110_OutChar                      0x00000eac   Section        0  nokia5110.o(i.Nokia5110_OutChar)
    i.Nokia5110_OutString                    0x00000ee4   Section        0  nokia5110.o(i.Nokia5110_OutString)
    i.Nokia5110_OutUDec                      0x00000efc   Section        0  nokia5110.o(i.Nokia5110_OutUDec)
    i.Nokia5110_PrintBMP                     0x00001098   Section        0  nokia5110.o(i.Nokia5110_PrintBMP)
    i.Nokia5110_SetCursor                    0x00001240   Section        0  nokia5110.o(i.Nokia5110_SetCursor)
    i.PLL_Init                               0x00001270   Section        0  texas.o(i.PLL_Init)
    i.PlaySound                              0x000012ec   Section        0  sfxdriver.o(i.PlaySound)
    i.Player_Init                            0x00001314   Section        0  sprites.o(i.Player_Init)
    i.PrintBunker                            0x00001368   Section        0  spaceinvaders.o(i.PrintBunker)
    i.PrintLives                             0x0000139c   Section        0  spaceinvaders.o(i.PrintLives)
    i.PrintSpr                               0x000013b0   Section        0  spaceinvaders.o(i.PrintSpr)
    i.SetCode                                0x000013cc   Section        0  texas.o(i.SetCode)
    i.SetCourse                              0x000013e4   Section        0  texas.o(i.SetCourse)
    i.ShootLaser                             0x000013fc   Section        0  sprites.o(i.ShootLaser)
    i.SmallEnemyBonus_Init                   0x00001484   Section        0  sprites.o(i.SmallEnemyBonus_Init)
    i.Sound_GameOver                         0x000014e4   Section        0  sfxdriver.o(i.Sound_GameOver)
    i.Sound_Hit                              0x000014f8   Section        0  sfxdriver.o(i.Sound_Hit)
    i.Sound_Shoot                            0x0000150c   Section        0  sfxdriver.o(i.Sound_Shoot)
    i.Sound_Tempo                            0x00001520   Section        0  sfxdriver.o(i.Sound_Tempo)
    i.Sound_UFO                              0x00001570   Section        0  sfxdriver.o(i.Sound_UFO)
    i.SprCrash                               0x00001584   Section        0  spaceinvaders.o(i.SprCrash)
    i.SysTick_Handler                        0x000015e0   Section        0  spaceinvaders.o(i.SysTick_Handler)
    i.SysTick_Init                           0x000017e0   Section        0  spaceinvaders.o(i.SysTick_Init)
    i.TExaS_Init                             0x00001810   Section        0  texas.o(i.TExaS_Init)
    i.Timer1A_Handler                        0x000019d4   Section        0  spaceinvaders.o(i.Timer1A_Handler)
    i.Timer1_Init                            0x00001c94   Section        0  spaceinvaders.o(i.Timer1_Init)
    i.Timer2A_Handler                        0x00001d1c   Section        0  sfxdriver.o(i.Timer2A_Handler)
    i.Timer2A_Start                          0x00001d68   Section        0  sfxdriver.o(i.Timer2A_Start)
    i.Timer2A_Stop                           0x00001d7c   Section        0  sfxdriver.o(i.Timer2A_Stop)
    i.Timer2_Init                            0x00001d90   Section        0  sfxdriver.o(i.Timer2_Init)
    i.Timer4A_Handler                        0x00001df4   Section        0  texas.o(i.Timer4A_Handler)
    i.Timer5A_Handler                        0x00001e14   Section        0  texas.o(i.Timer5A_Handler)
    i.TitleScreen                            0x00001e44   Section        0  spaceinvaders.o(i.TitleScreen)
    i.UART0_Init                             0x00001f34   Section        0  texas.o(i.UART0_Init)
    i.controls_Init                          0x00001ff4   Section        0  controls.o(i.controls_Init)
    i.lcdwrite                               0x00002110   Section        0  nokia5110.o(i.lcdwrite)
    lcdwrite                                 0x00002111   Thumb Code    66  nokia5110.o(i.lcdwrite)
    i.main                                   0x0000215c   Section        0  spaceinvaders.o(i.main)
    x$fpl$d2f                                0x00002388   Section       98  d2f.o(x$fpl$d2f)
    x$fpl$dadd                               0x000023ec   Section      336  daddsub_clz.o(x$fpl$dadd)
    _dadd1                                   0x000023fd   Thumb Code     0  daddsub_clz.o(x$fpl$dadd)
    x$fpl$ddiv                               0x0000253c   Section      688  ddiv.o(x$fpl$ddiv)
    ddiv_entry                               0x00002543   Thumb Code     0  ddiv.o(x$fpl$ddiv)
    x$fpl$dfixu                              0x000027ec   Section       90  dfixu.o(x$fpl$dfixu)
    x$fpl$dfltu                              0x00002846   Section       38  dflt_clz.o(x$fpl$dfltu)
    x$fpl$dnaninf                            0x0000286c   Section      156  dnaninf.o(x$fpl$dnaninf)
    x$fpl$dretinf                            0x00002908   Section       12  dretinf.o(x$fpl$dretinf)
    x$fpl$dsub                               0x00002914   Section      468  daddsub_clz.o(x$fpl$dsub)
    _dsub1                                   0x00002925   Thumb Code     0  daddsub_clz.o(x$fpl$dsub)
    x$fpl$f2d                                0x00002ae8   Section       86  f2d.o(x$fpl$f2d)
    x$fpl$fadd                               0x00002b40   Section      196  faddsub_clz.o(x$fpl$fadd)
    _fadd1                                   0x00002b4f   Thumb Code     0  faddsub_clz.o(x$fpl$fadd)
    x$fpl$fdiv                               0x00002c04   Section      388  fdiv.o(x$fpl$fdiv)
    _fdiv1                                   0x00002c05   Thumb Code     0  fdiv.o(x$fpl$fdiv)
    x$fpl$ffixu                              0x00002d88   Section       62  ffixu.o(x$fpl$ffixu)
    x$fpl$fflt                               0x00002dc8   Section       48  fflt_clz.o(x$fpl$fflt)
    x$fpl$ffltu                              0x00002df8   Section       38  fflt_clz.o(x$fpl$ffltu)
    x$fpl$fmul                               0x00002e20   Section      258  fmul.o(x$fpl$fmul)
    x$fpl$fnaninf                            0x00002f22   Section      140  fnaninf.o(x$fpl$fnaninf)
    x$fpl$fretinf                            0x00002fae   Section       10  fretinf.o(x$fpl$fretinf)
    x$fpl$frsb                               0x00002fb8   Section       20  faddsub_clz.o(x$fpl$frsb)
    x$fpl$fsub                               0x00002fcc   Section      234  faddsub_clz.o(x$fpl$fsub)
    _fsub1                                   0x00002fdb   Thumb Code     0  faddsub_clz.o(x$fpl$fsub)
    .constdata                               0x000030b6   Section      480  nokia5110.o(.constdata)
    x$fpl$usenofp                            0x000030b6   Section        0  usenofp.o(x$fpl$usenofp)
    ASCII                                    0x000030b6   Data         480  nokia5110.o(.constdata)
    .constdata                               0x00003296   Section      360  texas.o(.constdata)
    .constdata                               0x000033fe   Section    15435  sfxdriver.o(.constdata)
    .constdata                               0x00007049   Section     3852  sprites.o(.constdata)
    .data                                    0x20000000   Section       28  spaceinvaders.o(.data)
    .data                                    0x2000001c   Section       52  texas.o(.data)
    .data                                    0x20000050   Section       12  sfxdriver.o(.data)
    .bss                                     0x2000005c   Section      504  nokia5110.o(.bss)
    .bss                                     0x20000254   Section      920  spaceinvaders.o(.bss)
    .bss                                     0x200005f0   Section       56  texas.o(.bss)
    .bss                                     0x20000628   Section      228  rand.o(.bss)
    .bss                                     0x2000070c   Section       96  libspace.o(.bss)
    HEAP                                     0x20000770   Section        0  startup.o(HEAP)
    STACK                                    0x20000770   Section     1024  startup.o(STACK)
    HeapMem                                  0x20000770   Data           0  startup.o(HEAP)
    StackMem                                 0x20000770   Data           0  startup.o(STACK)

    Global Symbols

    Symbol Name                              Value     Ov Type        Size  Object(Section)

    BuildAttributes$$THM_ISAv4$E$P$D$K$B$S$7EM$PE$A:L22UL41UL21$X:L11$S22US41US21$IEEE1$IW$USESV6$~STKCKD$USESV7$~SHL$OSPACE$ROPI$EBA8$UX$STANDARDLIB$REQ8$PRES8$EABIv2 0x00000000   Number         0  anon$$obj.o ABSOLUTE
    __ARM_use_no_argv                        0x00000000   Number         0  spaceinvaders.o ABSOLUTE
    __Vectors                                0x00000000   Data           0  startup.o(RESET)
    __ARM_exceptions_init                     - Undefined Weak Reference
    __alloca_initialize                       - Undefined Weak Reference
    __cpp_initialize__aeabi_                  - Undefined Weak Reference
    __cxa_finalize                            - Undefined Weak Reference
    __rt_locale                               - Undefined Weak Reference
    __sigvec_lookup                           - Undefined Weak Reference
    _atexit_init                              - Undefined Weak Reference
    _call_atexit_fns                          - Undefined Weak Reference
    _clock_init                               - Undefined Weak Reference
    _fp_trap_init                             - Undefined Weak Reference
    _fp_trap_shutdown                         - Undefined Weak Reference
    _get_lc_collate                           - Undefined Weak Reference
    _get_lc_ctype                             - Undefined Weak Reference
    _get_lc_monetary                          - Undefined Weak Reference
    _get_lc_numeric                           - Undefined Weak Reference
    _get_lc_time                              - Undefined Weak Reference
    _getenv_init                              - Undefined Weak Reference
    _handle_redirection                       - Undefined Weak Reference
    _init_alloc                               - Undefined Weak Reference
    _init_user_alloc                          - Undefined Weak Reference
    _initio                                   - Undefined Weak Reference
    _signal_finish                            - Undefined Weak Reference
    _signal_init                              - Undefined Weak Reference
    _terminate_alloc                          - Undefined Weak Reference
    _terminate_user_alloc                     - Undefined Weak Reference
    _terminateio                              - Undefined Weak Reference
    Reset_Handler                            0x0000026d   Thumb Code     0  startup.o(RESET)
    NMI_Handler                              0x00000271   Thumb Code     2  startup.o(RESET)
    HardFault_Handler                        0x00000273   Thumb Code     2  startup.o(RESET)
    MemManage_Handler                        0x00000275   Thumb Code     2  startup.o(RESET)
    BusFault_Handler                         0x00000277   Thumb Code     2  startup.o(RESET)
    UsageFault_Handler                       0x00000279   Thumb Code     2  startup.o(RESET)
    SVC_Handler                              0x0000027b   Thumb Code     2  startup.o(RESET)
    DebugMon_Handler                         0x0000027d   Thumb Code     2  startup.o(RESET)
    PendSV_Handler                           0x0000027f   Thumb Code     2  startup.o(RESET)
    ADC0Seq0_Handler                         0x00000283   Thumb Code     0  startup.o(RESET)
    ADC0Seq1_Handler                         0x00000283   Thumb Code     0  startup.o(RESET)
    ADC0Seq2_Handler                         0x00000283   Thumb Code     0  startup.o(RESET)
    ADC0Seq3_Handler                         0x00000283   Thumb Code     0  startup.o(RESET)
    ADC1Seq0_Handler                         0x00000283   Thumb Code     0  startup.o(RESET)
    ADC1Seq1_Handler                         0x00000283   Thumb Code     0  startup.o(RESET)
    ADC1Seq2_Handler                         0x00000283   Thumb Code     0  startup.o(RESET)
    ADC1Seq3_Handler                         0x00000283   Thumb Code     0  startup.o(RESET)
    CAN0_Handler                             0x00000283   Thumb Code     0  startup.o(RESET)
    CAN1_Handler                             0x00000283   Thumb Code     0  startup.o(RESET)
    CAN2_Handler                             0x00000283   Thumb Code     0  startup.o(RESET)
    Comp0_Handler                            0x00000283   Thumb Code     0  startup.o(RESET)
    Comp1_Handler                            0x00000283   Thumb Code     0  startup.o(RESET)
    Comp2_Handler                            0x00000283   Thumb Code     0  startup.o(RESET)
    Ethernet_Handler                         0x00000283   Thumb Code     0  startup.o(RESET)
    ExtBus_Handler                           0x00000283   Thumb Code     0  startup.o(RESET)
    FPU_Handler                              0x00000283   Thumb Code     0  startup.o(RESET)
    Fan0_Handler                             0x00000283   Thumb Code     0  startup.o(RESET)
    FlashCtl_Handler                         0x00000283   Thumb Code     0  startup.o(RESET)
    GPIOPortA_Handler                        0x00000283   Thumb Code     0  startup.o(RESET)
    GPIOPortB_Handler                        0x00000283   Thumb Code     0  startup.o(RESET)
    GPIOPortC_Handler                        0x00000283   Thumb Code     0  startup.o(RESET)
    GPIOPortD_Handler                        0x00000283   Thumb Code     0  startup.o(RESET)
    GPIOPortE_Handler                        0x00000283   Thumb Code     0  startup.o(RESET)
    GPIOPortF_Handler                        0x00000283   Thumb Code     0  startup.o(RESET)
    GPIOPortG_Handler                        0x00000283   Thumb Code     0  startup.o(RESET)
    GPIOPortH_Handler                        0x00000283   Thumb Code     0  startup.o(RESET)
    GPIOPortJ_Handler                        0x00000283   Thumb Code     0  startup.o(RESET)
    GPIOPortK_Handler                        0x00000283   Thumb Code     0  startup.o(RESET)
    GPIOPortL_Handler                        0x00000283   Thumb Code     0  startup.o(RESET)
    GPIOPortM_Handler                        0x00000283   Thumb Code     0  startup.o(RESET)
    GPIOPortN_Handler                        0x00000283   Thumb Code     0  startup.o(RESET)
    GPIOPortP1_Handler                       0x00000283   Thumb Code     0  startup.o(RESET)
    GPIOPortP2_Handler                       0x00000283   Thumb Code     0  startup.o(RESET)
    GPIOPortP3_Handler                       0x00000283   Thumb Code     0  startup.o(RESET)
    GPIOPortP4_Handler                       0x00000283   Thumb Code     0  startup.o(RESET)
    GPIOPortP5_Handler                       0x00000283   Thumb Code     0  startup.o(RESET)
    GPIOPortP6_Handler                       0x00000283   Thumb Code     0  startup.o(RESET)
    GPIOPortP7_Handler                       0x00000283   Thumb Code     0  startup.o(RESET)
    GPIOPortP_Handler                        0x00000283   Thumb Code     0  startup.o(RESET)
    GPIOPortQ1_Handler                       0x00000283   Thumb Code     0  startup.o(RESET)
    GPIOPortQ2_Handler                       0x00000283   Thumb Code     0  startup.o(RESET)
    GPIOPortQ3_Handler                       0x00000283   Thumb Code     0  startup.o(RESET)
    GPIOPortQ4_Handler                       0x00000283   Thumb Code     0  startup.o(RESET)
    GPIOPortQ5_Handler                       0x00000283   Thumb Code     0  startup.o(RESET)
    GPIOPortQ6_Handler                       0x00000283   Thumb Code     0  startup.o(RESET)
    GPIOPortQ7_Handler                       0x00000283   Thumb Code     0  startup.o(RESET)
    GPIOPortQ_Handler                        0x00000283   Thumb Code     0  startup.o(RESET)
    GPIOPortR_Handler                        0x00000283   Thumb Code     0  startup.o(RESET)
    GPIOPortS_Handler                        0x00000283   Thumb Code     0  startup.o(RESET)
    Hibernate_Handler                        0x00000283   Thumb Code     0  startup.o(RESET)
    I2C0_Handler                             0x00000283   Thumb Code     0  startup.o(RESET)
    I2C1_Handler                             0x00000283   Thumb Code     0  startup.o(RESET)
    I2C2_Handler                             0x00000283   Thumb Code     0  startup.o(RESET)
    I2C3_Handler                             0x00000283   Thumb Code     0  startup.o(RESET)
    I2C4_Handler                             0x00000283   Thumb Code     0  startup.o(RESET)
    I2C5_Handler                             0x00000283   Thumb Code     0  startup.o(RESET)
    I2S0_Handler                             0x00000283   Thumb Code     0  startup.o(RESET)
    LPC0_Handler                             0x00000283   Thumb Code     0  startup.o(RESET)
    PECI0_Handler                            0x00000283   Thumb Code     0  startup.o(RESET)
    PWM0Fault_Handler                        0x00000283   Thumb Code     0  startup.o(RESET)
    PWM0Generator0_Handler                   0x00000283   Thumb Code     0  startup.o(RESET)
    PWM0Generator1_Handler                   0x00000283   Thumb Code     0  startup.o(RESET)
    PWM0Generator2_Handler                   0x00000283   Thumb Code     0  startup.o(RESET)
    PWM0Generator3_Handler                   0x00000283   Thumb Code     0  startup.o(RESET)
    PWM1Fault_Handler                        0x00000283   Thumb Code     0  startup.o(RESET)
    PWM1Generator0_Handler                   0x00000283   Thumb Code     0  startup.o(RESET)
    PWM1Generator1_Handler                   0x00000283   Thumb Code     0  startup.o(RESET)
    PWM1Generator2_Handler                   0x00000283   Thumb Code     0  startup.o(RESET)
    PWM1Generator3_Handler                   0x00000283   Thumb Code     0  startup.o(RESET)
    Quadrature0_Handler                      0x00000283   Thumb Code     0  startup.o(RESET)
    Quadrature1_Handler                      0x00000283   Thumb Code     0  startup.o(RESET)
    Quadrature2_Handler                      0x00000283   Thumb Code     0  startup.o(RESET)
    SSI0_Handler                             0x00000283   Thumb Code     0  startup.o(RESET)
    SSI1_Handler                             0x00000283   Thumb Code     0  startup.o(RESET)
    SSI2_Handler                             0x00000283   Thumb Code     0  startup.o(RESET)
    SSI3_Handler                             0x00000283   Thumb Code     0  startup.o(RESET)
    SysCtl_Handler                           0x00000283   Thumb Code     0  startup.o(RESET)
    Timer0A_Handler                          0x00000283   Thumb Code     0  startup.o(RESET)
    Timer0B_Handler                          0x00000283   Thumb Code     0  startup.o(RESET)
    Timer1B_Handler                          0x00000283   Thumb Code     0  startup.o(RESET)
    Timer2B_Handler                          0x00000283   Thumb Code     0  startup.o(RESET)
    Timer3A_Handler                          0x00000283   Thumb Code     0  startup.o(RESET)
    Timer3B_Handler                          0x00000283   Thumb Code     0  startup.o(RESET)
    Timer4B_Handler                          0x00000283   Thumb Code     0  startup.o(RESET)
    Timer5B_Handler                          0x00000283   Thumb Code     0  startup.o(RESET)
    UART0_Handler                            0x00000283   Thumb Code     0  startup.o(RESET)
    UART1_Handler                            0x00000283   Thumb Code     0  startup.o(RESET)
    UART2_Handler                            0x00000283   Thumb Code     0  startup.o(RESET)
    UART3_Handler                            0x00000283   Thumb Code     0  startup.o(RESET)
    UART4_Handler                            0x00000283   Thumb Code     0  startup.o(RESET)
    UART5_Handler                            0x00000283   Thumb Code     0  startup.o(RESET)
    UART6_Handler                            0x00000283   Thumb Code     0  startup.o(RESET)
    UART7_Handler                            0x00000283   Thumb Code     0  startup.o(RESET)
    USB0_Handler                             0x00000283   Thumb Code     0  startup.o(RESET)
    WDT_Handler                              0x00000283   Thumb Code     0  startup.o(RESET)
    WideTimer0A_Handler                      0x00000283   Thumb Code     0  startup.o(RESET)
    WideTimer0B_Handler                      0x00000283   Thumb Code     0  startup.o(RESET)
    WideTimer1A_Handler                      0x00000283   Thumb Code     0  startup.o(RESET)
    WideTimer1B_Handler                      0x00000283   Thumb Code     0  startup.o(RESET)
    WideTimer2A_Handler                      0x00000283   Thumb Code     0  startup.o(RESET)
    WideTimer2B_Handler                      0x00000283   Thumb Code     0  startup.o(RESET)
    WideTimer3A_Handler                      0x00000283   Thumb Code     0  startup.o(RESET)
    WideTimer3B_Handler                      0x00000283   Thumb Code     0  startup.o(RESET)
    WideTimer4A_Handler                      0x00000283   Thumb Code     0  startup.o(RESET)
    WideTimer4B_Handler                      0x00000283   Thumb Code     0  startup.o(RESET)
    WideTimer5A_Handler                      0x00000283   Thumb Code     0  startup.o(RESET)
    WideTimer5B_Handler                      0x00000283   Thumb Code     0  startup.o(RESET)
    uDMA_Error                               0x00000283   Thumb Code     0  startup.o(RESET)
    uDMA_Handler                             0x00000283   Thumb Code     0  startup.o(RESET)
    __main                                   0x00000285   Thumb Code     8  __main.o(!!!main)
    __scatterload                            0x0000028d   Thumb Code     0  __scatter.o(!!!scatter)
    __scatterload_rt2                        0x0000028d   Thumb Code    44  __scatter.o(!!!scatter)
    __scatterload_rt2_thumb_only             0x0000028d   Thumb Code     0  __scatter.o(!!!scatter)
    __scatterload_null                       0x0000029b   Thumb Code     0  __scatter.o(!!!scatter)
    __scatterload_copy                       0x000002c1   Thumb Code    26  __scatter_copy.o(!!handler_copy)
    __scatterload_zeroinit                   0x000002dd   Thumb Code    28  __scatter_zi.o(!!handler_zi)
    __rt_lib_init                            0x000002f9   Thumb Code     0  libinit.o(.ARM.Collect$$libinit$$00000000)
    __rt_lib_init_fp_1                       0x000002fb   Thumb Code     0  libinit2.o(.ARM.Collect$$libinit$$00000002)
    __rt_lib_init_heap_1                     0x000002fb   Thumb Code     0  libinit2.o(.ARM.Collect$$libinit$$00000008)
    __rt_lib_init_rand_2                     0x000002fb   Thumb Code     0  libinit2.o(.ARM.Collect$$libinit$$0000000B)
    __rt_lib_init_user_alloc_1               0x000002fb   Thumb Code     0  libinit2.o(.ARM.Collect$$libinit$$0000000A)
    __rt_lib_init_alloca_1                   0x000002ff   Thumb Code     0  libinit2.o(.ARM.Collect$$libinit$$0000002C)
    __rt_lib_init_argv_1                     0x000002ff   Thumb Code     0  libinit2.o(.ARM.Collect$$libinit$$0000002A)
    __rt_lib_init_atexit_1                   0x000002ff   Thumb Code     0  libinit2.o(.ARM.Collect$$libinit$$00000019)
    __rt_lib_init_clock_1                    0x000002ff   Thumb Code     0  libinit2.o(.ARM.Collect$$libinit$$0000001F)
    __rt_lib_init_cpp_1                      0x000002ff   Thumb Code     0  libinit2.o(.ARM.Collect$$libinit$$00000030)
    __rt_lib_init_exceptions_1               0x000002ff   Thumb Code     0  libinit2.o(.ARM.Collect$$libinit$$0000002E)
    __rt_lib_init_fp_trap_1                  0x000002ff   Thumb Code     0  libinit2.o(.ARM.Collect$$libinit$$0000001D)
    __rt_lib_init_getenv_1                   0x000002ff   Thumb Code     0  libinit2.o(.ARM.Collect$$libinit$$00000021)
    __rt_lib_init_lc_collate_1               0x000002ff   Thumb Code     0  libinit2.o(.ARM.Collect$$libinit$$0000000F)
    __rt_lib_init_lc_ctype_1                 0x000002ff   Thumb Code     0  libinit2.o(.ARM.Collect$$libinit$$00000011)
    __rt_lib_init_lc_monetary_1              0x000002ff   Thumb Code     0  libinit2.o(.ARM.Collect$$libinit$$00000013)
    __rt_lib_init_lc_numeric_1               0x000002ff   Thumb Code     0  libinit2.o(.ARM.Collect$$libinit$$00000015)
    __rt_lib_init_lc_time_1                  0x000002ff   Thumb Code     0  libinit2.o(.ARM.Collect$$libinit$$00000017)
    __rt_lib_init_rand_1                     0x000002ff   Thumb Code     0  libinit2.o(.ARM.Collect$$libinit$$0000000C)
    __rt_lib_init_return                     0x000002ff   Thumb Code     0  libinit2.o(.ARM.Collect$$libinit$$00000031)
    __rt_lib_init_signal_1                   0x000002ff   Thumb Code     0  libinit2.o(.ARM.Collect$$libinit$$0000001B)
    __rt_lib_init_stdio_1                    0x000002ff   Thumb Code     0  libinit2.o(.ARM.Collect$$libinit$$00000023)
    __rt_lib_shutdown                        0x00000301   Thumb Code     0  libshutdown.o(.ARM.Collect$$libshutdown$$00000000)
    __rt_lib_shutdown_fp_trap_1              0x00000303   Thumb Code     0  libshutdown2.o(.ARM.Collect$$libshutdown$$00000006)
    __rt_lib_shutdown_heap_1                 0x00000303   Thumb Code     0  libshutdown2.o(.ARM.Collect$$libshutdown$$0000000E)
    __rt_lib_shutdown_return                 0x00000303   Thumb Code     0  libshutdown2.o(.ARM.Collect$$libshutdown$$0000000F)
    __rt_lib_shutdown_signal_1               0x00000303   Thumb Code     0  libshutdown2.o(.ARM.Collect$$libshutdown$$00000009)
    __rt_lib_shutdown_stdio_1                0x00000303   Thumb Code     0  libshutdown2.o(.ARM.Collect$$libshutdown$$00000003)
    __rt_lib_shutdown_user_alloc_1           0x00000303   Thumb Code     0  libshutdown2.o(.ARM.Collect$$libshutdown$$0000000B)
    __rt_entry                               0x00000305   Thumb Code     0  rtentry.o(.ARM.Collect$$rtentry$$00000000)
    __rt_entry_presh_1                       0x00000305   Thumb Code     0  rtentry2.o(.ARM.Collect$$rtentry$$00000002)
    __rt_entry_sh                            0x00000305   Thumb Code     0  rtentry4.o(.ARM.Collect$$rtentry$$00000004)
    __rt_entry_li                            0x0000030b   Thumb Code     0  rtentry2.o(.ARM.Collect$$rtentry$$0000000A)
    __rt_entry_postsh_1                      0x0000030b   Thumb Code     0  rtentry2.o(.ARM.Collect$$rtentry$$00000009)
    __rt_entry_main                          0x0000030f   Thumb Code     0  rtentry2.o(.ARM.Collect$$rtentry$$0000000D)
    __rt_entry_postli_1                      0x0000030f   Thumb Code     0  rtentry2.o(.ARM.Collect$$rtentry$$0000000C)
    __rt_exit                                0x00000317   Thumb Code     0  rtexit.o(.ARM.Collect$$rtexit$$00000000)
    __rt_exit_ls                             0x00000319   Thumb Code     0  rtexit2.o(.ARM.Collect$$rtexit$$00000003)
    __rt_exit_prels_1                        0x00000319   Thumb Code     0  rtexit2.o(.ARM.Collect$$rtexit$$00000002)
    __rt_exit_exit                           0x0000031d   Thumb Code     0  rtexit2.o(.ARM.Collect$$rtexit$$00000004)
    rand                                     0x00000325   Thumb Code    48  rand.o(.emb_text)
    DisableInterrupts                        0x00000359   Thumb Code     0  startup.o(.text)
    EnableInterrupts                         0x0000035d   Thumb Code     0  startup.o(.text)
    StartCritical                            0x00000361   Thumb Code     0  startup.o(.text)
    EndCritical                              0x00000369   Thumb Code     0  startup.o(.text)
    WaitForInterrupt                         0x0000036f   Thumb Code     0  startup.o(.text)
    __user_initial_stackheap                 0x00000373   Thumb Code     0  startup.o(.text)
    srand                                    0x00000389   Thumb Code    42  rand.o(.text)
    _rand_init                               0x000003b3   Thumb Code     4  rand.o(.text)
    __aeabi_memcpy4                          0x000003c5   Thumb Code     0  rt_memcpy_w.o(.text)
    __aeabi_memcpy8                          0x000003c5   Thumb Code     0  rt_memcpy_w.o(.text)
    __rt_memcpy_w                            0x000003c5   Thumb Code   100  rt_memcpy_w.o(.text)
    _memcpy_lastbytes_aligned                0x0000040d   Thumb Code     0  rt_memcpy_w.o(.text)
    __use_two_region_memory                  0x00000429   Thumb Code     2  heapauxi.o(.text)
    __rt_heap_escrow$2region                 0x0000042b   Thumb Code     2  heapauxi.o(.text)
    __rt_heap_expand$2region                 0x0000042d   Thumb Code     2  heapauxi.o(.text)
    __user_setup_stackheap                   0x0000042f   Thumb Code    74  sys_stackheap_outer.o(.text)
    exit                                     0x00000479   Thumb Code    12  exit.o(.text)
    __user_libspace                          0x00000485   Thumb Code     8  libspace.o(.text)
    __user_perproc_libspace                  0x00000485   Thumb Code     0  libspace.o(.text)
    __user_perthread_libspace                0x00000485   Thumb Code     0  libspace.o(.text)
    __I$use$semihosting                      0x0000048d   Thumb Code     0  use_no_semi.o(.text)
    __use_no_semihosting_swi                 0x0000048d   Thumb Code     2  use_no_semi.o(.text)
    __semihosting_library_function           0x0000048f   Thumb Code     0  indicate_semi.o(.text)
    _sys_exit                                0x00000491   Thumb Code     8  sys_exit.o(.text)
    ADC1_In                                  0x0000049d   Thumb Code     6  texas.o(i.ADC1_In)
    ADC1_Init                                0x000004a9   Thumb Code   174  texas.o(i.ADC1_Init)
    Bunker_Init                              0x0000057d   Thumb Code    70  sprites.o(i.Bunker_Init)
    CrashCheck                               0x000005d1   Thumb Code   132  sprites.o(i.CrashCheck)
    DAC_Init                                 0x00000655   Thumb Code    94  sfxdriver.o(i.DAC_Init)
    DAC_Out                                  0x000006d1   Thumb Code    24  sfxdriver.o(i.DAC_Out)
    Delay100ms                               0x000006f1   Thumb Code    30  spaceinvaders.o(i.Delay100ms)
    EnemyHordeInit                           0x00000715   Thumb Code   194  spaceinvaders.o(i.EnemyHordeInit)
    EnemyShootRatio                          0x000007e1   Thumb Code    42  spaceinvaders.o(i.EnemyShootRatio)
    Enemy_Init                               0x00000815   Thumb Code   152  sprites.o(i.Enemy_Init)
    ExplodeSpr                               0x000008cd   Thumb Code    26  spaceinvaders.o(i.ExplodeSpr)
    GameInit                                 0x000008e9   Thumb Code   532  spaceinvaders.o(i.GameInit)
    GameOver                                 0x00000b2d   Thumb Code   196  spaceinvaders.o(i.GameOver)
    Joystick                                 0x00000c35   Thumb Code    36  controls.o(i.Joystick)
    Led_1                                    0x00000c61   Thumb Code    20  leds.o(i.Led_1)
    Led_2                                    0x00000c79   Thumb Code    20  leds.o(i.Led_2)
    Lives_Init                               0x00000c91   Thumb Code    62  sprites.o(i.Lives_Init)
    Nokia5110_Clear                          0x00000cd5   Thumb Code    32  nokia5110.o(i.Nokia5110_Clear)
    Nokia5110_ClearBuffer                    0x00000cf5   Thumb Code    20  nokia5110.o(i.Nokia5110_ClearBuffer)
    Nokia5110_DisplayBuffer                  0x00000d0d   Thumb Code    10  nokia5110.o(i.Nokia5110_DisplayBuffer)
    Nokia5110_DrawFullImage                  0x00000d1d   Thumb Code    34  nokia5110.o(i.Nokia5110_DrawFullImage)
    Nokia5110_Init                           0x00000d41   Thumb Code   316  nokia5110.o(i.Nokia5110_Init)
    Nokia5110_OutChar                        0x00000ead   Thumb Code    52  nokia5110.o(i.Nokia5110_OutChar)
    Nokia5110_OutString                      0x00000ee5   Thumb Code    22  nokia5110.o(i.Nokia5110_OutString)
    Nokia5110_OutUDec                        0x00000efd   Thumb Code   394  nokia5110.o(i.Nokia5110_OutUDec)
    Nokia5110_PrintBMP                       0x00001099   Thumb Code   420  nokia5110.o(i.Nokia5110_PrintBMP)
    Nokia5110_SetCursor                      0x00001241   Thumb Code    48  nokia5110.o(i.Nokia5110_SetCursor)
    PLL_Init                                 0x00001271   Thumb Code   118  texas.o(i.PLL_Init)
    PlaySound                                0x000012ed   Thumb Code    26  sfxdriver.o(i.PlaySound)
    Player_Init                              0x00001315   Thumb Code    72  sprites.o(i.Player_Init)
    PrintBunker                              0x00001369   Thumb Code    52  spaceinvaders.o(i.PrintBunker)
    PrintLives                               0x0000139d   Thumb Code    20  spaceinvaders.o(i.PrintLives)
    PrintSpr                                 0x000013b1   Thumb Code    26  spaceinvaders.o(i.PrintSpr)
    SetCode                                  0x000013cd   Thumb Code    20  texas.o(i.SetCode)
    SetCourse                                0x000013e5   Thumb Code    20  texas.o(i.SetCourse)
    ShootLaser                               0x000013fd   Thumb Code   132  sprites.o(i.ShootLaser)
    SmallEnemyBonus_Init                     0x00001485   Thumb Code    80  sprites.o(i.SmallEnemyBonus_Init)
    Sound_GameOver                           0x000014e5   Thumb Code    14  sfxdriver.o(i.Sound_GameOver)
    Sound_Hit                                0x000014f9   Thumb Code    14  sfxdriver.o(i.Sound_Hit)
    Sound_Shoot                              0x0000150d   Thumb Code    14  sfxdriver.o(i.Sound_Shoot)
    Sound_Tempo                              0x00001521   Thumb Code    62  sfxdriver.o(i.Sound_Tempo)
    Sound_UFO                                0x00001571   Thumb Code    14  sfxdriver.o(i.Sound_UFO)
    SprCrash                                 0x00001585   Thumb Code    78  spaceinvaders.o(i.SprCrash)
    SysTick_Handler                          0x000015e1   Thumb Code   470  spaceinvaders.o(i.SysTick_Handler)
    SysTick_Init                             0x000017e1   Thumb Code    38  spaceinvaders.o(i.SysTick_Init)
    TExaS_Init                               0x00001811   Thumb Code   324  texas.o(i.TExaS_Init)
    Timer1A_Handler                          0x000019d5   Thumb Code   658  spaceinvaders.o(i.Timer1A_Handler)
    Timer1_Init                              0x00001c95   Thumb Code   114  spaceinvaders.o(i.Timer1_Init)
    Timer2A_Handler                          0x00001d1d   Thumb Code    58  sfxdriver.o(i.Timer2A_Handler)
    Timer2A_Start                            0x00001d69   Thumb Code    14  sfxdriver.o(i.Timer2A_Start)
    Timer2A_Stop                             0x00001d7d   Thumb Code    14  sfxdriver.o(i.Timer2A_Stop)
    Timer2_Init                              0x00001d91   Thumb Code    82  sfxdriver.o(i.Timer2_Init)
    Timer4A_Handler                          0x00001df5   Thumb Code    20  texas.o(i.Timer4A_Handler)
    Timer5A_Handler                          0x00001e15   Thumb Code    34  texas.o(i.Timer5A_Handler)
    TitleScreen                              0x00001e45   Thumb Code   176  spaceinvaders.o(i.TitleScreen)
    UART0_Init                               0x00001f35   Thumb Code   160  texas.o(i.UART0_Init)
    controls_Init                            0x00001ff5   Thumb Code   234  controls.o(i.controls_Init)
    main                                     0x0000215d   Thumb Code   490  spaceinvaders.o(i.main)
    __aeabi_d2f                              0x00002389   Thumb Code     0  d2f.o(x$fpl$d2f)
    _d2f                                     0x00002389   Thumb Code    98  d2f.o(x$fpl$d2f)
    __aeabi_dadd                             0x000023ed   Thumb Code     0  daddsub_clz.o(x$fpl$dadd)
    _dadd                                    0x000023ed   Thumb Code   332  daddsub_clz.o(x$fpl$dadd)
    __aeabi_ddiv                             0x0000253d   Thumb Code     0  ddiv.o(x$fpl$ddiv)
    _ddiv                                    0x0000253d   Thumb Code   552  ddiv.o(x$fpl$ddiv)
    __aeabi_d2uiz                            0x000027ed   Thumb Code     0  dfixu.o(x$fpl$dfixu)
    _dfixu                                   0x000027ed   Thumb Code    90  dfixu.o(x$fpl$dfixu)
    __aeabi_ui2d                             0x00002847   Thumb Code     0  dflt_clz.o(x$fpl$dfltu)
    _dfltu                                   0x00002847   Thumb Code    38  dflt_clz.o(x$fpl$dfltu)
    __fpl_dnaninf                            0x0000286d   Thumb Code   156  dnaninf.o(x$fpl$dnaninf)
    __fpl_dretinf                            0x00002909   Thumb Code    12  dretinf.o(x$fpl$dretinf)
    __aeabi_dsub                             0x00002915   Thumb Code     0  daddsub_clz.o(x$fpl$dsub)
    _dsub                                    0x00002915   Thumb Code   464  daddsub_clz.o(x$fpl$dsub)
    __aeabi_f2d                              0x00002ae9   Thumb Code     0  f2d.o(x$fpl$f2d)
    _f2d                                     0x00002ae9   Thumb Code    86  f2d.o(x$fpl$f2d)
    __aeabi_fadd                             0x00002b41   Thumb Code     0  faddsub_clz.o(x$fpl$fadd)
    _fadd                                    0x00002b41   Thumb Code   196  faddsub_clz.o(x$fpl$fadd)
    __aeabi_fdiv                             0x00002c05   Thumb Code     0  fdiv.o(x$fpl$fdiv)
    _fdiv                                    0x00002c05   Thumb Code   384  fdiv.o(x$fpl$fdiv)
    __aeabi_f2uiz                            0x00002d89   Thumb Code     0  ffixu.o(x$fpl$ffixu)
    _ffixu                                   0x00002d89   Thumb Code    62  ffixu.o(x$fpl$ffixu)
    __aeabi_i2f                              0x00002dc9   Thumb Code     0  fflt_clz.o(x$fpl$fflt)
    _fflt                                    0x00002dc9   Thumb Code    48  fflt_clz.o(x$fpl$fflt)
    __aeabi_ui2f                             0x00002df9   Thumb Code     0  fflt_clz.o(x$fpl$ffltu)
    _ffltu                                   0x00002df9   Thumb Code    38  fflt_clz.o(x$fpl$ffltu)
    __aeabi_fmul                             0x00002e21   Thumb Code     0  fmul.o(x$fpl$fmul)
    _fmul                                    0x00002e21   Thumb Code   258  fmul.o(x$fpl$fmul)
    __fpl_fnaninf                            0x00002f23   Thumb Code   140  fnaninf.o(x$fpl$fnaninf)
    __fpl_fretinf                            0x00002faf   Thumb Code    10  fretinf.o(x$fpl$fretinf)
    __aeabi_frsub                            0x00002fb9   Thumb Code     0  faddsub_clz.o(x$fpl$frsb)
    _frsb                                    0x00002fb9   Thumb Code    20  faddsub_clz.o(x$fpl$frsb)
    __aeabi_fsub                             0x00002fcd   Thumb Code     0  faddsub_clz.o(x$fpl$fsub)
    _fsub                                    0x00002fcd   Thumb Code   234  faddsub_clz.o(x$fpl$fsub)
    __I$use$fp                               0x000030b6   Number         0  usenofp.o(x$fpl$usenofp)
    NoInputMsg                               0x00003296   Data          40  texas.o(.constdata)
    OutputPortMsg0                           0x000032be   Data          40  texas.o(.constdata)
    OutputPortMsg1                           0x000032e6   Data          40  texas.o(.constdata)
    OutputPortMsg2                           0x0000330e   Data          40  texas.o(.constdata)
    OutputPortMsg3                           0x00003336   Data          40  texas.o(.constdata)
    BlankMsg                                 0x0000335e   Data          40  texas.o(.constdata)
    InitializedMsg                           0x00003386   Data          40  texas.o(.constdata)
    IntroMsg                                 0x000033ae   Data          40  texas.o(.constdata)
    DoneMsg                                  0x000033d6   Data          40  texas.o(.constdata)
    UFO_Sound                                0x000033fe   Data        1802  sfxdriver.o(.constdata)
    shoot                                    0x00003b08   Data        4080  sfxdriver.o(.constdata)
    hit                                      0x00004af8   Data        3377  sfxdriver.o(.constdata)
    gameOver                                 0x00005829   Data        2000  sfxdriver.o(.constdata)
    tempo0                                   0x00005ff9   Data         982  sfxdriver.o(.constdata)
    tempo1                                   0x000063cf   Data        1042  sfxdriver.o(.constdata)
    tempo2                                   0x000067e1   Data        1054  sfxdriver.o(.constdata)
    tempo3                                   0x00006bff   Data        1098  sfxdriver.o(.constdata)
    BunkerHeavyGenericDamage                 0x00007049   Data         179  sprites.o(.constdata)
    BunkerModerateGenericDamage              0x000070fc   Data         179  sprites.o(.constdata)
    BunkerUndamage                           0x000071af   Data         179  sprites.o(.constdata)
    SmallEnemy3PointA                        0x00007262   Data         199  sprites.o(.constdata)
    SmallEnemy3PointB                        0x00007329   Data         199  sprites.o(.constdata)
    SmallEnemy2PointA                        0x000073f0   Data         199  sprites.o(.constdata)
    SmallEnemy2PointB                        0x000074b7   Data         199  sprites.o(.constdata)
    SmallEnemy1PointA                        0x0000757e   Data         199  sprites.o(.constdata)
    SmallEnemy1PointB                        0x00007645   Data         199  sprites.o(.constdata)
    Laser                                    0x0000770c   Data         139  sprites.o(.constdata)
    PlayerShip                               0x00007797   Data         215  sprites.o(.constdata)
    PlayerShipExplode0                       0x0000786e   Data         215  sprites.o(.constdata)
    PlayerShipExplode1                       0x00007945   Data         215  sprites.o(.constdata)
    EnemyShipExplode0                        0x00007a1c   Data         199  sprites.o(.constdata)
    EnemyShipExplode1                        0x00007ae3   Data         199  sprites.o(.constdata)
    SmallEnemyBonusExplode                   0x00007baa   Data         203  sprites.o(.constdata)
    SmallEnemyBonusA                         0x00007c75   Data         203  sprites.o(.constdata)
    SmallEnemyBonusB                         0x00007d40   Data         203  sprites.o(.constdata)
    SmallEnemyBonusC                         0x00007e0b   Data         203  sprites.o(.constdata)
    Lives                                    0x00007ed6   Data         127  sprites.o(.constdata)
    Region$$Table$$Base                      0x00007f58   Number         0  anon$$obj.o(Region$$Table)
    Region$$Table$$Limit                     0x00007f78   Number         0  anon$$obj.o(Region$$Table)
    enemyShoot                               0x20000000   Data           4  spaceinvaders.o(.data)
    enemyFreq                                0x20000004   Data           4  spaceinvaders.o(.data)
    score                                    0x20000008   Data           4  spaceinvaders.o(.data)
    level                                    0x2000000c   Data           4  spaceinvaders.o(.data)
    timerBonus                               0x20000010   Data           4  spaceinvaders.o(.data)
    screenRefreshFlag                        0x20000014   Data           1  spaceinvaders.o(.data)
    enemyMove                                0x20000015   Data           1  spaceinvaders.o(.data)
    enemyDance                               0x20000016   Data           1  spaceinvaders.o(.data)
    levelCleared                             0x20000017   Data           1  spaceinvaders.o(.data)
    toExplode                                0x20000018   Data           4  spaceinvaders.o(.data)
    TExaS_Period                             0x2000001c   Data           4  texas.o(.data)
    TExaS_Ports                              0x20000020   Data           8  texas.o(.data)
    Display                                  0x20000028   Data           1  texas.o(.data)
    TExaS_Meter                              0x2000002c   Data           4  texas.o(.data)
    ADCnum                                   0x20000030   Data           4  texas.o(.data)
    LastMode                                 0x20000034   Data           4  texas.o(.data)
    bFlag                                    0x20000038   Data           4  texas.o(.data)
    Count                                    0x2000003c   Data           4  texas.o(.data)
    DelayBetweenTests                        0x20000040   Data           4  texas.o(.data)
    TExaS_Test                               0x20000044   Data           4  texas.o(.data)
    ScopeMode                                0x20000048   Data           4  texas.o(.data)
    ScopeCount                               0x2000004c   Data           4  texas.o(.data)
    wave                                     0x20000050   Data           4  sfxdriver.o(.data)
    soundIndex                               0x20000054   Data           4  sfxdriver.o(.data)
    soundCount                               0x20000058   Data           4  sfxdriver.o(.data)
    Screen                                   0x2000005c   Data         504  nokia5110.o(.bss)
    playerSpr                                0x20000254   Data          40  spaceinvaders.o(.bss)
    livesSprs                                0x2000027c   Data         200  spaceinvaders.o(.bss)
    BonusSpr                                 0x20000344   Data          40  spaceinvaders.o(.bss)
    bunkerSprs                               0x2000036c   Data         120  spaceinvaders.o(.bss)
    enemySprs                                0x200003e4   Data         320  spaceinvaders.o(.bss)
    playerBullet                             0x20000524   Data          40  spaceinvaders.o(.bss)
    enemyBullets                             0x2000054c   Data         160  spaceinvaders.o(.bss)
    TExaS                                    0x200005f0   Data          56  texas.o(.bss)
    _random_number_data                      0x20000628   Data         228  rand.o(.bss)
    __libspace_start                         0x2000070c   Data          96  libspace.o(.bss)
    __temporary_stack_top$libspace           0x2000076c   Data           0  libspace.o(.bss)



==============================================================================

Memory Map of the image

  Image Entry point : 0x0000026d

  Load Region LR_1 (Base: 0x00000000, Size: 0x00007fd4, Max: 0xffffffff, ABSOLUTE)

    Execution Region ER_RO (Base: 0x00000000, Size: 0x00007f78, Max: 0xffffffff, ABSOLUTE)

    Base Addr    Size         Type   Attr      Idx    E Section Name        Object

    0x00000000   0x00000284   Code   RO            3  * RESET               startup.o
    0x00000284   0x00000008   Code   RO          534  * !!!main             c_w.l(__main.o)
    0x0000028c   0x00000034   Code   RO          743    !!!scatter          c_w.l(__scatter.o)
    0x000002c0   0x0000001a   Code   RO          745    !!handler_copy      c_w.l(__scatter_copy.o)
    0x000002da   0x00000002   PAD
    0x000002dc   0x0000001c   Code   RO          747    !!handler_zi        c_w.l(__scatter_zi.o)
    0x000002f8   0x00000002   Code   RO          667    .ARM.Collect$$libinit$$00000000  c_w.l(libinit.o)
    0x000002fa   0x00000000   Code   RO          584    .ARM.Collect$$libinit$$00000002  c_w.l(libinit2.o)
    0x000002fa   0x00000000   Code   RO          587    .ARM.Collect$$libinit$$00000008  c_w.l(libinit2.o)
    0x000002fa   0x00000000   Code   RO          589    .ARM.Collect$$libinit$$0000000A  c_w.l(libinit2.o)
    0x000002fa   0x00000004   Code   RO          590    .ARM.Collect$$libinit$$0000000B  c_w.l(libinit2.o)
    0x000002fe   0x00000000   Code   RO          591    .ARM.Collect$$libinit$$0000000C  c_w.l(libinit2.o)
    0x000002fe   0x00000000   Code   RO          594    .ARM.Collect$$libinit$$0000000F  c_w.l(libinit2.o)
    0x000002fe   0x00000000   Code   RO          596    .ARM.Collect$$libinit$$00000011  c_w.l(libinit2.o)
    0x000002fe   0x00000000   Code   RO          598    .ARM.Collect$$libinit$$00000013  c_w.l(libinit2.o)
    0x000002fe   0x00000000   Code   RO          600    .ARM.Collect$$libinit$$00000015  c_w.l(libinit2.o)
    0x000002fe   0x00000000   Code   RO          602    .ARM.Collect$$libinit$$00000017  c_w.l(libinit2.o)
    0x000002fe   0x00000000   Code   RO          604    .ARM.Collect$$libinit$$00000019  c_w.l(libinit2.o)
    0x000002fe   0x00000000   Code   RO          606    .ARM.Collect$$libinit$$0000001B  c_w.l(libinit2.o)
    0x000002fe   0x00000000   Code   RO          608    .ARM.Collect$$libinit$$0000001D  c_w.l(libinit2.o)
    0x000002fe   0x00000000   Code   RO          610    .ARM.Collect$$libinit$$0000001F  c_w.l(libinit2.o)
    0x000002fe   0x00000000   Code   RO          612    .ARM.Collect$$libinit$$00000021  c_w.l(libinit2.o)
    0x000002fe   0x00000000   Code   RO          614    .ARM.Collect$$libinit$$00000023  c_w.l(libinit2.o)
    0x000002fe   0x00000000   Code   RO          618    .ARM.Collect$$libinit$$0000002A  c_w.l(libinit2.o)
    0x000002fe   0x00000000   Code   RO          620    .ARM.Collect$$libinit$$0000002C  c_w.l(libinit2.o)
    0x000002fe   0x00000000   Code   RO          622    .ARM.Collect$$libinit$$0000002E  c_w.l(libinit2.o)
    0x000002fe   0x00000000   Code   RO          624    .ARM.Collect$$libinit$$00000030  c_w.l(libinit2.o)
    0x000002fe   0x00000002   Code   RO          625    .ARM.Collect$$libinit$$00000031  c_w.l(libinit2.o)
    0x00000300   0x00000002   Code   RO          705    .ARM.Collect$$libshutdown$$00000000  c_w.l(libshutdown.o)
    0x00000302   0x00000000   Code   RO          712    .ARM.Collect$$libshutdown$$00000003  c_w.l(libshutdown2.o)
    0x00000302   0x00000000   Code   RO          715    .ARM.Collect$$libshutdown$$00000006  c_w.l(libshutdown2.o)
    0x00000302   0x00000000   Code   RO          718    .ARM.Collect$$libshutdown$$00000009  c_w.l(libshutdown2.o)
    0x00000302   0x00000000   Code   RO          720    .ARM.Collect$$libshutdown$$0000000B  c_w.l(libshutdown2.o)
    0x00000302   0x00000000   Code   RO          723    .ARM.Collect$$libshutdown$$0000000E  c_w.l(libshutdown2.o)
    0x00000302   0x00000002   Code   RO          724    .ARM.Collect$$libshutdown$$0000000F  c_w.l(libshutdown2.o)
    0x00000304   0x00000000   Code   RO          582    .ARM.Collect$$rtentry$$00000000  c_w.l(rtentry.o)
    0x00000304   0x00000000   Code   RO          636    .ARM.Collect$$rtentry$$00000002  c_w.l(rtentry2.o)
    0x00000304   0x00000006   Code   RO          648    .ARM.Collect$$rtentry$$00000004  c_w.l(rtentry4.o)
    0x0000030a   0x00000000   Code   RO          638    .ARM.Collect$$rtentry$$00000009  c_w.l(rtentry2.o)
    0x0000030a   0x00000004   Code   RO          639    .ARM.Collect$$rtentry$$0000000A  c_w.l(rtentry2.o)
    0x0000030e   0x00000000   Code   RO          641    .ARM.Collect$$rtentry$$0000000C  c_w.l(rtentry2.o)
    0x0000030e   0x00000008   Code   RO          642    .ARM.Collect$$rtentry$$0000000D  c_w.l(rtentry2.o)
    0x00000316   0x00000002   Code   RO          673    .ARM.Collect$$rtexit$$00000000  c_w.l(rtexit.o)
    0x00000318   0x00000000   Code   RO          685    .ARM.Collect$$rtexit$$00000002  c_w.l(rtexit2.o)
    0x00000318   0x00000004   Code   RO          686    .ARM.Collect$$rtexit$$00000003  c_w.l(rtexit2.o)
    0x0000031c   0x00000006   Code   RO          687    .ARM.Collect$$rtexit$$00000004  c_w.l(rtexit2.o)
    0x00000322   0x00000002   PAD
    0x00000324   0x00000034   Code   RO          525    .emb_text           c_w.l(rand.o)
    0x00000358   0x00000030   Code   RO            4    .text               startup.o
    0x00000388   0x0000003c   Code   RO          526    .text               c_w.l(rand.o)
    0x000003c4   0x00000064   Code   RO          530    .text               c_w.l(rt_memcpy_w.o)
    0x00000428   0x00000006   Code   RO          532    .text               c_w.l(heapauxi.o)
    0x0000042e   0x0000004a   Code   RO          654    .text               c_w.l(sys_stackheap_outer.o)
    0x00000478   0x0000000c   Code   RO          656    .text               c_w.l(exit.o)
    0x00000484   0x00000008   Code   RO          670    .text               c_w.l(libspace.o)
    0x0000048c   0x00000002   Code   RO          681    .text               c_w.l(use_no_semi.o)
    0x0000048e   0x00000000   Code   RO          683    .text               c_w.l(indicate_semi.o)
    0x0000048e   0x00000002   PAD
    0x00000490   0x0000000c   Code   RO          697    .text               c_w.l(sys_exit.o)
    0x0000049c   0x0000000c   Code   RO          223    i.ADC1_In           texas.o
    0x000004a8   0x000000d4   Code   RO          224    i.ADC1_Init         texas.o
    0x0000057c   0x00000054   Code   RO          450    i.Bunker_Init       sprites.o
    0x000005d0   0x00000084   Code   RO          451    i.CrashCheck        sprites.o
    0x00000654   0x0000007c   Code   RO          363    i.DAC_Init          sfxdriver.o
    0x000006d0   0x00000020   Code   RO          364    i.DAC_Out           sfxdriver.o
    0x000006f0   0x00000024   Code   RO           95    i.Delay100ms        spaceinvaders.o
    0x00000714   0x000000cc   Code   RO           96    i.EnemyHordeInit    spaceinvaders.o
    0x000007e0   0x00000034   Code   RO           97    i.EnemyShootRatio   spaceinvaders.o
    0x00000814   0x000000b8   Code   RO          452    i.Enemy_Init        sprites.o
    0x000008cc   0x0000001a   Code   RO           98    i.ExplodeSpr        spaceinvaders.o
    0x000008e6   0x00000002   PAD
    0x000008e8   0x00000244   Code   RO           99    i.GameInit          spaceinvaders.o
    0x00000b2c   0x00000108   Code   RO          100    i.GameOver          spaceinvaders.o
    0x00000c34   0x0000002c   Code   RO          342    i.Joystick          controls.o
    0x00000c60   0x00000018   Code   RO          502    i.Led_1             leds.o
    0x00000c78   0x00000018   Code   RO          503    i.Led_2             leds.o
    0x00000c90   0x00000044   Code   RO          453    i.Lives_Init        sprites.o
    0x00000cd4   0x00000020   Code   RO           12    i.Nokia5110_Clear   nokia5110.o
    0x00000cf4   0x00000018   Code   RO           13    i.Nokia5110_ClearBuffer  nokia5110.o
    0x00000d0c   0x00000010   Code   RO           14    i.Nokia5110_DisplayBuffer  nokia5110.o
    0x00000d1c   0x00000022   Code   RO           15    i.Nokia5110_DrawFullImage  nokia5110.o
    0x00000d3e   0x00000002   PAD
    0x00000d40   0x0000016c   Code   RO           16    i.Nokia5110_Init    nokia5110.o
    0x00000eac   0x00000038   Code   RO           17    i.Nokia5110_OutChar  nokia5110.o
    0x00000ee4   0x00000016   Code   RO           18    i.Nokia5110_OutString  nokia5110.o
    0x00000efa   0x00000002   PAD
    0x00000efc   0x0000019c   Code   RO           19    i.Nokia5110_OutUDec  nokia5110.o
    0x00001098   0x000001a8   Code   RO           20    i.Nokia5110_PrintBMP  nokia5110.o
    0x00001240   0x00000030   Code   RO           21    i.Nokia5110_SetCursor  nokia5110.o
    0x00001270   0x0000007c   Code   RO          225    i.PLL_Init          texas.o
    0x000012ec   0x00000028   Code   RO          365    i.PlaySound         sfxdriver.o
    0x00001314   0x00000054   Code   RO          454    i.Player_Init       sprites.o
    0x00001368   0x00000034   Code   RO          101    i.PrintBunker       spaceinvaders.o
    0x0000139c   0x00000014   Code   RO          102    i.PrintLives        spaceinvaders.o
    0x000013b0   0x0000001a   Code   RO          103    i.PrintSpr          spaceinvaders.o
    0x000013ca   0x00000002   PAD
    0x000013cc   0x00000018   Code   RO          226    i.SetCode           texas.o
    0x000013e4   0x00000018   Code   RO          227    i.SetCourse         texas.o
    0x000013fc   0x00000088   Code   RO          455    i.ShootLaser        sprites.o
    0x00001484   0x00000060   Code   RO          456    i.SmallEnemyBonus_Init  sprites.o
    0x000014e4   0x00000014   Code   RO          366    i.Sound_GameOver    sfxdriver.o
    0x000014f8   0x00000014   Code   RO          367    i.Sound_Hit         sfxdriver.o
    0x0000150c   0x00000014   Code   RO          368    i.Sound_Shoot       sfxdriver.o
    0x00001520   0x00000050   Code   RO          369    i.Sound_Tempo       sfxdriver.o
    0x00001570   0x00000014   Code   RO          370    i.Sound_UFO         sfxdriver.o
    0x00001584   0x0000005c   Code   RO          104    i.SprCrash          spaceinvaders.o
    0x000015e0   0x00000200   Code   RO          105    i.SysTick_Handler   spaceinvaders.o
    0x000017e0   0x00000030   Code   RO          106    i.SysTick_Init      spaceinvaders.o
    0x00001810   0x000001c4   Code   RO          231    i.TExaS_Init        texas.o
    0x000019d4   0x000002c0   Code   RO          107    i.Timer1A_Handler   spaceinvaders.o
    0x00001c94   0x00000088   Code   RO          108    i.Timer1_Init       spaceinvaders.o
    0x00001d1c   0x0000004c   Code   RO          371    i.Timer2A_Handler   sfxdriver.o
    0x00001d68   0x00000014   Code   RO          372    i.Timer2A_Start     sfxdriver.o
    0x00001d7c   0x00000014   Code   RO          373    i.Timer2A_Stop      sfxdriver.o
    0x00001d90   0x00000064   Code   RO          374    i.Timer2_Init       sfxdriver.o
    0x00001df4   0x00000020   Code   RO          233    i.Timer4A_Handler   texas.o
    0x00001e14   0x00000030   Code   RO          234    i.Timer5A_Handler   texas.o
    0x00001e44   0x000000f0   Code   RO          109    i.TitleScreen       spaceinvaders.o
    0x00001f34   0x000000c0   Code   RO          237    i.UART0_Init        texas.o
    0x00001ff4   0x0000011c   Code   RO          343    i.controls_Init     controls.o
    0x00002110   0x0000004c   Code   RO           22    i.lcdwrite          nokia5110.o
    0x0000215c   0x0000022c   Code   RO          110    i.main              spaceinvaders.o
    0x00002388   0x00000062   Code   RO          536    x$fpl$d2f           fz_ws.l(d2f.o)
    0x000023ea   0x00000002   PAD
    0x000023ec   0x00000150   Code   RO          538    x$fpl$dadd          fz_ws.l(daddsub_clz.o)
    0x0000253c   0x000002b0   Code   RO          545    x$fpl$ddiv          fz_ws.l(ddiv.o)
    0x000027ec   0x0000005a   Code   RO          548    x$fpl$dfixu         fz_ws.l(dfixu.o)
    0x00002846   0x00000026   Code   RO          552    x$fpl$dfltu         fz_ws.l(dflt_clz.o)
    0x0000286c   0x0000009c   Code   RO          626    x$fpl$dnaninf       fz_ws.l(dnaninf.o)
    0x00002908   0x0000000c   Code   RO          628    x$fpl$dretinf       fz_ws.l(dretinf.o)
    0x00002914   0x000001d4   Code   RO          540    x$fpl$dsub          fz_ws.l(daddsub_clz.o)
    0x00002ae8   0x00000056   Code   RO          558    x$fpl$f2d           fz_ws.l(f2d.o)
    0x00002b3e   0x00000002   PAD
    0x00002b40   0x000000c4   Code   RO          560    x$fpl$fadd          fz_ws.l(faddsub_clz.o)
    0x00002c04   0x00000184   Code   RO          567    x$fpl$fdiv          fz_ws.l(fdiv.o)
    0x00002d88   0x0000003e   Code   RO          570    x$fpl$ffixu         fz_ws.l(ffixu.o)
    0x00002dc6   0x00000002   PAD
    0x00002dc8   0x00000030   Code   RO          575    x$fpl$fflt          fz_ws.l(fflt_clz.o)
    0x00002df8   0x00000026   Code   RO          574    x$fpl$ffltu         fz_ws.l(fflt_clz.o)
    0x00002e1e   0x00000002   PAD
    0x00002e20   0x00000102   Code   RO          580    x$fpl$fmul          fz_ws.l(fmul.o)
    0x00002f22   0x0000008c   Code   RO          630    x$fpl$fnaninf       fz_ws.l(fnaninf.o)
    0x00002fae   0x0000000a   Code   RO          632    x$fpl$fretinf       fz_ws.l(fretinf.o)
    0x00002fb8   0x00000014   Code   RO          561    x$fpl$frsb          fz_ws.l(faddsub_clz.o)
    0x00002fcc   0x000000ea   Code   RO          562    x$fpl$fsub          fz_ws.l(faddsub_clz.o)
    0x000030b6   0x00000000   Code   RO          634    x$fpl$usenofp       fz_ws.l(usenofp.o)
    0x000030b6   0x000001e0   Data   RO           24    .constdata          nokia5110.o
    0x00003296   0x00000168   Data   RO          242    .constdata          texas.o
    0x000033fe   0x00003c4b   Data   RO          375    .constdata          sfxdriver.o
    0x00007049   0x00000f0c   Data   RO          457    .constdata          sprites.o
    0x00007f55   0x00000003   PAD
    0x00007f58   0x00000020   Data   RO          741    Region$$Table       anon$$obj.o


    Execution Region ER_RW (Base: 0x20000000, Size: 0x0000005c, Max: 0xffffffff, ABSOLUTE)

    Base Addr    Size         Type   Attr      Idx    E Section Name        Object

    0x20000000   0x0000001c   Data   RW          113    .data               spaceinvaders.o
    0x2000001c   0x00000034   Data   RW          243    .data               texas.o
    0x20000050   0x0000000c   Data   RW          376    .data               sfxdriver.o


    Execution Region ER_ZI (Base: 0x2000005c, Size: 0x00000b14, Max: 0xffffffff, ABSOLUTE)

    Base Addr    Size         Type   Attr      Idx    E Section Name        Object

    0x2000005c   0x000001f8   Zero   RW           23    .bss                nokia5110.o
    0x20000254   0x00000398   Zero   RW          111    .bss                spaceinvaders.o
    0x200005ec   0x00000004   PAD
    0x200005f0   0x00000038   Zero   RW          241    .bss                texas.o
    0x20000628   0x000000e4   Zero   RW          527    .bss                c_w.l(rand.o)
    0x2000070c   0x00000060   Zero   RW          671    .bss                c_w.l(libspace.o)
    0x2000076c   0x00000004   PAD
    0x20000770   0x00000000   Zero   RW            2    HEAP                startup.o
    0x20000770   0x00000400   Zero   RW            1    STACK               startup.o


==============================================================================

Image component sizes


      Code (inc. data)   RO Data    RW Data    ZI Data      Debug   Object Name

       328         58          0          0          0        871   controls.o
        48          8          0          0          0        752   leds.o
      1508         94        480          0        504       9085   nokia5110.o
       572        142      15435         12          0       5371   sfxdriver.o
      3548        406          0         28        920      10987   spaceinvaders.o
       784         84       3852          0          0       5968   sprites.o
       692        632          0          0       1024        868   startup.o
      1120        244        360         52         56      15392   texas.o

    ----------------------------------------------------------------------
      8608       1668      20162         92       2508      49294   Object Totals
         0          0         32          0          0          0   (incl. Generated)
         8          0          3          0          4          0   (incl. Padding)

    ----------------------------------------------------------------------

      Code (inc. data)   RO Data    RW Data    ZI Data      Debug   Library Member Name

         8          0          0          0          0         68   __main.o
        52          8          0          0          0          0   __scatter.o
        26          0          0          0          0          0   __scatter_copy.o
        28          0          0          0          0          0   __scatter_zi.o
        12          0          0          0          0         72   exit.o
         6          0          0          0          0        152   heapauxi.o
         0          0          0          0          0          0   indicate_semi.o
         2          0          0          0          0          0   libinit.o
         6          0          0          0          0          0   libinit2.o
         2          0          0          0          0          0   libshutdown.o
         2          0          0          0          0          0   libshutdown2.o
         8          4          0          0         96         68   libspace.o
       112         18          0          0        228        160   rand.o
       100          0          0          0          0         80   rt_memcpy_w.o
         0          0          0          0          0          0   rtentry.o
        12          0          0          0          0          0   rtentry2.o
         6          0          0          0          0          0   rtentry4.o
         2          0          0          0          0          0   rtexit.o
        10          0          0          0          0          0   rtexit2.o
        12          4          0          0          0         68   sys_exit.o
        74          0          0          0          0         80   sys_stackheap_outer.o
         2          0          0          0          0         68   use_no_semi.o
        98          4          0          0          0         92   d2f.o
       804         16          0          0          0        272   daddsub_clz.o
       688        140          0          0          0        208   ddiv.o
        90          4          0          0          0         92   dfixu.o
        38          0          0          0          0         68   dflt_clz.o
       156          4          0          0          0         92   dnaninf.o
        12          0          0          0          0         68   dretinf.o
        86          4          0          0          0         84   f2d.o
       450          8          0          0          0        236   faddsub_clz.o
       388         76          0          0          0         96   fdiv.o
        62          4          0          0          0         84   ffixu.o
        86          0          0          0          0        136   fflt_clz.o
       258          4          0          0          0         84   fmul.o
       140          4          0          0          0         84   fnaninf.o
        10          0          0          0          0         68   fretinf.o
         0          0          0          0          0          0   usenofp.o

    ----------------------------------------------------------------------
      3862        302          0          0        328       2580   Library Totals
        14          0          0          0          4          0   (incl. Padding)

    ----------------------------------------------------------------------

      Code (inc. data)   RO Data    RW Data    ZI Data      Debug   Library Name

       482         34          0          0        324        816   c_w.l
      3366        268          0          0          0       1764   fz_ws.l

    ----------------------------------------------------------------------
      3862        302          0          0        328       2580   Library Totals

    ----------------------------------------------------------------------

==============================================================================


      Code (inc. data)   RO Data    RW Data    ZI Data      Debug   

     12470       1970      20162         92       2836      47558   Grand Totals
     12470       1970      20162         92       2836      47558   ELF Image Totals
     12470       1970      20162         92          0          0   ROM Totals

==============================================================================

    Total RO  Size (Code + RO Data)                32632 (  31.87kB)
    Total RW  Size (RW Data + ZI Data)              2928 (   2.86kB)
    Total ROM Size (Code + RO Data + RW Data)      32724 (  31.96kB)

==============================================================================

