<html>
<body>
<pre>
<h1>µVision Build Log</h1>
<h2>Project:</h2>
C:\Keil\Labware\Lab15_SpaceInvaders\SpaceInvaders.uvproj
Project File Date:  09/22/2015

<h2>Output:</h2>
Rebuild target 'SpaceInvaders'
assembling startup.s...
compiling Nokia5110.c...
assembling random.s...
compiling SpaceInvaders.c...
compiling TExaS.c...
compiling controls.c...
compiling sfxDriver.c...
compiling sprites.c...
compiling leds.c...
linking...
Program Size: Code=12470 RO-data=20162 RW-data=92 ZI-data=2836  
".\SpaceInvaders.axf" - 0 Error(s), 0 Warning(s).
</pre>
</body>
</html>
om spaceinvaders.o).
Not enough information to list image symbols.
Finished: 1 information, 0 warning and 2 error messages.
".\SpaceInvaders.axf" - 2 Error(s), 0 Warning(s).
Target not created

.\SpaceInvaders.axf: Error: L6218E: Undefined symbol Led_2 (referred from spaceinvaders.o).
.\SpaceInvaders.axf: Error: L6218E: Undefined symbol Lives_Init (referred from spaceinvaders.o).
.\SpaceInvaders.axf: Error: L6218E: Undefined symbol Player_Init (referred from spaceinvaders.o).
.\SpaceInvaders.axf: Error: L6218E: Undefined symbol ShootLaser (referred from spaceinvaders.o).
.\SpaceInvaders.axf: Error: L6218E: Undefined symbol SmallEnemyBonus_Init (referred from spaceinvaders.o).
Not enough information to list image symbols.
Finished: 1 information, 0 warning and 9 error messages.
".\SpaceInvaders.axf" - 9 Error(s), 0 Warning(s).
Target not created
mbol SmallEnemyBonus_Init (referred from spaceinvaders.o).
.\SpaceInvaders.axf: Error: L6218E: Undefined symbol Sound_GameOver (referred from spaceinvaders.o).
.\SpaceInvaders.axf: Error: L6218E: Undefined symbol Sound_Hit (referred from spaceinvaders.o).
.\SpaceInvaders.axf: Error: L6218E: Undefined symbol Sound_Shoot (referred from spaceinvaders.o).
.\SpaceInvaders.axf: Error: L6218E: Undefined symbol Sound_Tempo (referred from spaceinvaders.o).
.\SpaceInvaders.axf: Error: L6218E: Undefined symbol Sound_UFO (referred from spaceinvaders.o).
.\SpaceInvaders.axf: Error: L6218E: Undefined symbol Timer2A_Start (referred from spaceinvaders.o).
.\SpaceInvaders.axf: Error: L6218E: Undefined symbol Timer2_Init (referred from spaceinvaders.o).
.\SpaceInvaders.axf: Error: L6218E: Undefined symbol controls_Init (referred from spaceinvaders.o).
Not enough information to list image symbols.
Finished: 1 information, 0 warning and 20 error messages.
".\SpaceInvaders.axf" - 20 Error(s), 0 Warning(s).
Target not created
st image symbols.
Finished: 1 information, 0 warning and 20 error messages.
".\SpaceInvaders.axf" - 20 Error(s), 1 Warning(s).
Target not created
{
SpaceInvaders.c(399): warning:  #223-D: function "Led_1" declared implicitly
                Led_1(1);
SpaceInvaders.c(400): warning:  #223-D: function "Led_2" declared implicitly
                Led_2(1);
SpaceInvaders.c(406): warning:  #223-D: function "Led_1" declared implicitly
        Led_1(0);
SpaceInvaders.c(407): warning:  #223-D: function "Led_2" declared implicitly
        Led_2(0);
SpaceInvaders.c(528): warning:  #223-D: function "Sound_Hit" declared implicitly
                Sound_Hit();
SpaceInvaders.c: 23 warnings, 3 errors
compiling TExaS.c...
compiling sprite.c...
sprite.c: Error:  #5: cannot open source input file "sprite.c": No such file or directory
sprite.c: 0 warnings, 1 error
".\SpaceInvaders.axf" - 4 Error(s), 23 Warning(s).
Target not created
